Component: ARM Compiler 5.06 update 6 (build 750) Tool: armlink [4d35ed]

==============================================================================

Section Cross References

    startup_stm32f10x_hd.o(RESET) refers to startup_stm32f10x_hd.o(STACK) for __initial_sp
    startup_stm32f10x_hd.o(RESET) refers to startup_stm32f10x_hd.o(.text) for Reset_Handler
    startup_stm32f10x_hd.o(RESET) refers to stm32f10x_it.o(i.NMI_Handler) for NMI_Handler
    startup_stm32f10x_hd.o(RESET) refers to stm32f10x_it.o(i.HardFault_Handler) for HardFault_Handler
    startup_stm32f10x_hd.o(RESET) refers to stm32f10x_it.o(i.MemManage_Handler) for MemManage_Handler
    startup_stm32f10x_hd.o(RESET) refers to stm32f10x_it.o(i.BusFault_Handler) for BusFault_Handler
    startup_stm32f10x_hd.o(RESET) refers to stm32f10x_it.o(i.UsageFault_Handler) for UsageFault_Handler
    startup_stm32f10x_hd.o(RESET) refers to stm32f10x_it.o(i.SVC_Handler) for SVC_Handler
    startup_stm32f10x_hd.o(RESET) refers to stm32f10x_it.o(i.DebugMon_Handler) for DebugMon_Handler
    startup_stm32f10x_hd.o(RESET) refers to stm32f10x_it.o(i.PendSV_Handler) for PendSV_Handler
    startup_stm32f10x_hd.o(RESET) refers to stm32f10x_it.o(i.SysTick_Handler) for SysTick_Handler
    startup_stm32f10x_hd.o(RESET) refers to stm32f10x_it.o(i.DMA1_Channel5_IRQHandler) for DMA1_Channel5_IRQHandler
    startup_stm32f10x_hd.o(RESET) refers to stm32f10x_it.o(i.USART1_IRQHandler) for USART1_IRQHandler
    startup_stm32f10x_hd.o(.text) refers to system_stm32f10x.o(i.SystemInit) for SystemInit
    startup_stm32f10x_hd.o(.text) refers to entry.o(.ARM.Collect$$$$00000000) for __main
    system_stm32f10x.o(i.SystemCoreClockUpdate) refers to system_stm32f10x.o(.data) for .data
    system_stm32f10x.o(i.SystemInit) refers to system_stm32f10x.o(i.SetSysClockTo72) for SetSysClockTo72
    stm32f10x_adc.o(i.ADC_DeInit) refers to stm32f10x_rcc.o(i.RCC_APB2PeriphResetCmd) for RCC_APB2PeriphResetCmd
    stm32f10x_bkp.o(i.BKP_DeInit) refers to stm32f10x_rcc.o(i.RCC_BackupResetCmd) for RCC_BackupResetCmd
    stm32f10x_can.o(i.CAN_DeInit) refers to stm32f10x_rcc.o(i.RCC_APB1PeriphResetCmd) for RCC_APB1PeriphResetCmd
    stm32f10x_can.o(i.CAN_GetITStatus) refers to stm32f10x_can.o(i.CheckITStatus) for CheckITStatus
    stm32f10x_cec.o(i.CEC_DeInit) refers to stm32f10x_rcc.o(i.RCC_APB1PeriphResetCmd) for RCC_APB1PeriphResetCmd
    stm32f10x_dac.o(i.DAC_DeInit) refers to stm32f10x_rcc.o(i.RCC_APB1PeriphResetCmd) for RCC_APB1PeriphResetCmd
    stm32f10x_flash.o(i.FLASH_EnableWriteProtection) refers to stm32f10x_flash.o(i.FLASH_WaitForLastOperation) for FLASH_WaitForLastOperation
    stm32f10x_flash.o(i.FLASH_EraseAllBank1Pages) refers to stm32f10x_flash.o(i.FLASH_WaitForLastBank1Operation) for FLASH_WaitForLastBank1Operation
    stm32f10x_flash.o(i.FLASH_EraseAllPages) refers to stm32f10x_flash.o(i.FLASH_WaitForLastOperation) for FLASH_WaitForLastOperation
    stm32f10x_flash.o(i.FLASH_EraseOptionBytes) refers to stm32f10x_flash.o(i.FLASH_GetReadOutProtectionStatus) for FLASH_GetReadOutProtectionStatus
    stm32f10x_flash.o(i.FLASH_EraseOptionBytes) refers to stm32f10x_flash.o(i.FLASH_WaitForLastOperation) for FLASH_WaitForLastOperation
    stm32f10x_flash.o(i.FLASH_ErasePage) refers to stm32f10x_flash.o(i.FLASH_WaitForLastOperation) for FLASH_WaitForLastOperation
    stm32f10x_flash.o(i.FLASH_ProgramHalfWord) refers to stm32f10x_flash.o(i.FLASH_WaitForLastOperation) for FLASH_WaitForLastOperation
    stm32f10x_flash.o(i.FLASH_ProgramOptionByteData) refers to stm32f10x_flash.o(i.FLASH_WaitForLastOperation) for FLASH_WaitForLastOperation
    stm32f10x_flash.o(i.FLASH_ProgramWord) refers to stm32f10x_flash.o(i.FLASH_WaitForLastOperation) for FLASH_WaitForLastOperation
    stm32f10x_flash.o(i.FLASH_ReadOutProtection) refers to stm32f10x_flash.o(i.FLASH_WaitForLastOperation) for FLASH_WaitForLastOperation
    stm32f10x_flash.o(i.FLASH_UserOptionByteConfig) refers to stm32f10x_flash.o(i.FLASH_WaitForLastOperation) for FLASH_WaitForLastOperation
    stm32f10x_flash.o(i.FLASH_WaitForLastBank1Operation) refers to stm32f10x_flash.o(i.FLASH_GetBank1Status) for FLASH_GetBank1Status
    stm32f10x_flash.o(i.FLASH_WaitForLastOperation) refers to stm32f10x_flash.o(i.FLASH_GetBank1Status) for FLASH_GetBank1Status
    stm32f10x_gpio.o(i.GPIO_AFIODeInit) refers to stm32f10x_rcc.o(i.RCC_APB2PeriphResetCmd) for RCC_APB2PeriphResetCmd
    stm32f10x_gpio.o(i.GPIO_DeInit) refers to stm32f10x_rcc.o(i.RCC_APB2PeriphResetCmd) for RCC_APB2PeriphResetCmd
    stm32f10x_i2c.o(i.I2C_DeInit) refers to stm32f10x_rcc.o(i.RCC_APB1PeriphResetCmd) for RCC_APB1PeriphResetCmd
    stm32f10x_i2c.o(i.I2C_Init) refers to stm32f10x_rcc.o(i.RCC_GetClocksFreq) for RCC_GetClocksFreq
    stm32f10x_pwr.o(i.PWR_DeInit) refers to stm32f10x_rcc.o(i.RCC_APB1PeriphResetCmd) for RCC_APB1PeriphResetCmd
    stm32f10x_rcc.o(i.RCC_GetClocksFreq) refers to stm32f10x_rcc.o(.data) for .data
[...]
    i.Command_Select_Function                0x080006dc   Section        0  sd_file.o(i.Command_Select_Function)
    Command_Select_Function                  0x080006dd   Thumb Code    54  sd_file.o(i.Command_Select_Function)
    i.Command_Select_NextPage                0x0800071c   Section        0  sd_file.o(i.Command_Select_NextPage)
    Command_Select_NextPage                  0x0800071d   Thumb Code   172  sd_file.o(i.Command_Select_NextPage)
    i.Command_Select_PrePage                 0x080007e4   Section        0  sd_file.o(i.Command_Select_PrePage)
    Command_Select_PrePage                   0x080007e5   Thumb Code   166  sd_file.o(i.Command_Select_PrePage)
    i.DMA1_Channel5_IRQHandler               0x080008a8   Section        0  stm32f10x_it.o(i.DMA1_Channel5_IRQHandler)
    i.DMA_Cmd                                0x080008aa   Section        0  stm32f10x_dma.o(i.DMA_Cmd)
    i.DMA_Init                               0x080008c0   Section        0  stm32f10x_dma.o(i.DMA_Init)
    i.DMA_SetCurrDataCounter                 0x080008fa   Section        0  stm32f10x_dma.o(i.DMA_SetCurrDataCounter)
    i.DebugMon_Handler                       0x080008fe   Section        0  stm32f10x_it.o(i.DebugMon_Handler)
    i.Draw_File_Button                       0x08000900   Section        0  sd_file.o(i.Draw_File_Button)
    Draw_File_Button                         0x08000901   Thumb Code   114  sd_file.o(i.Draw_File_Button)
    i.Draw_Function_Button                   0x08000978   Section        0  sd_file.o(i.Draw_Function_Button)
    Draw_Function_Button                     0x08000979   Thumb Code   144  sd_file.o(i.Draw_Function_Button)
    i.Draw_NextPage_Button                   0x08000a14   Section        0  sd_file.o(i.Draw_NextPage_Button)
    Draw_NextPage_Button                     0x08000a15   Thumb Code   144  sd_file.o(i.Draw_NextPage_Button)
    i.Draw_PrePage_Button                    0x08000ab0   Section        0  sd_file.o(i.Draw_PrePage_Button)
    Draw_PrePage_Button                      0x08000ab1   Thumb Code   144  sd_file.o(i.Draw_PrePage_Button)
    i.File_Name_Init                         0x08000b4c   Section        0  sd_file.o(i.File_Name_Init)
    i.Fuction_Button_Enable                  0x08000b6c   Section        0  sd_file.o(i.Fuction_Button_Enable)
    Fuction_Button_Enable                    0x08000b6d   Thumb Code    30  sd_file.o(i.Fuction_Button_Enable)
    i.GPIO_Configuration                     0x08000b90   Section        0  bsp_spi_sdcard.o(i.GPIO_Configuration)
    GPIO_Configuration                       0x08000b91   Thumb Code   174  bsp_spi_sdcard.o(i.GPIO_Configuration)
    i.GPIO_Init                              0x08000c48   Section        0  stm32f10x_gpio.o(i.GPIO_Init)
    i.GPIO_PinRemapConfig                    0x08000ce4   Section        0  stm32f10x_gpio.o(i.GPIO_PinRemapConfig)
    i.GPIO_ReadInputDataBit                  0x08000d3c   Section        0  stm32f10x_gpio.o(i.GPIO_ReadInputDataBit)
    i.GPIO_ResetBits                         0x08000d4a   Section        0  stm32f10x_gpio.o(i.GPIO_ResetBits)
    i.GPIO_SetBits                           0x08000d4e   Section        0  stm32f10x_gpio.o(i.GPIO_SetBits)
    i.GetGBKCode_from_EXFlash                0x08000d54   Section        0  fonts.o(i.GetGBKCode_from_EXFlash)
    i.HardFault_Handler                      0x08000d9c   Section        0  stm32f10x_it.o(i.HardFault_Handler)
    i.ILI9341_BackLed_Control                0x08000da0   Section        0  bsp_ili9341_lcd.o(i.ILI9341_BackLed_Control)
    i.ILI9341_Clear                          0x08000db8   Section        0  bsp_ili9341_lcd.o(i.ILI9341_Clear)
    i.ILI9341_Delay                          0x08000dd8   Section        0  bsp_ili9341_lcd.o(i.ILI9341_Delay)
    ILI9341_Delay                            0x08000dd9   Thumb Code    16  bsp_ili9341_lcd.o(i.ILI9341_Delay)
    i.ILI9341_DispChar_CH                    0x08000de8   Section        0  bsp_ili9341_lcd.o(i.ILI9341_DispChar_CH)
    i.ILI9341_DispChar_EN                    0x08000e54   Section        0  bsp_ili9341_lcd.o(i.ILI9341_DispChar_EN)
    i.ILI9341_DispStringLine_EN              0x08000ebc   Section        0  bsp_ili9341_lcd.o(i.ILI9341_DispStringLine_EN)
    i.ILI9341_DispString_EN_CH               0x08000f0c   Section        0  bsp_ili9341_lcd.o(i.ILI9341_DispString_EN_CH)
    i.ILI9341_DispString_EN_CH_Custom        0x08000f98   Section        0  bsp_ili9341_lcd.o(i.ILI9341_DispString_EN_CH_Custom)
    i.ILI9341_DrawLine                       0x0800103c   Section        0  bsp_ili9341_lcd.o(i.ILI9341_DrawLine)
    i.ILI9341_DrawRectangle                  0x080010d8   Section        0  bsp_ili9341_lcd.o(i.ILI9341_DrawRectangle)
    i.ILI9341_FillColor                      0x0800113c   Section        0  bsp_ili9341_lcd.o(i.ILI9341_FillColor)
    ILI9341_FillColor                        0x0800113d   Thumb Code    30  bsp_ili9341_lcd.o(i.ILI9341_FillColor)
    i.ILI9341_GPIO_Config                    0x0800115c   Section        0  bsp_ili9341_lcd.o(i.ILI9341_GPIO_Config)
    ILI9341_GPIO_Config                      0x0800115d   Thumb Code   126  bsp_ili9341_lcd.o(i.ILI9341_GPIO_Config)
    i.ILI9341_GramScan                       0x080011ec   Section        0  bsp_ili9341_lcd.o(i.ILI9341_GramScan)
    i.ILI9341_Init                           0x08001280   Section        0  bsp_ili9341_lcd.o(i.ILI9341_Init)
    i.ILI9341_OpenWindow                     0x080012a0   Section        0  bsp_ili9341_lcd.o(i.ILI9341_OpenWindow)
    i.ILI9341_REG_Config                     0x080012f8   Section        0  bsp_ili9341_lcd.o(i.ILI9341_REG_Config)
    ILI9341_REG_Config                       0x080012f9   Thumb Code   658  bsp_ili9341_lcd.o(i.ILI9341_REG_Config)
    i.ILI9341_SetCursor                      0x08001590   Section        0  bsp_ili9341_lcd.o(i.ILI9341_SetCursor)
    ILI9341_SetCursor                        0x08001591   Thumb Code     8  bsp_ili9341_lcd.o(i.ILI9341_SetCursor)
    i.ILI9341_SetPointPixel                  0x08001598   Section        0  bsp_ili9341_lcd.o(i.ILI9341_SetPointPixel)
    i.ILI9341_Write_Cmd                      0x080015c0   Section        0  bsp_ili9341_lcd.o(i.ILI9341_Write_Cmd)
    i.ILI9341_Write_Data                     0x080015e4   Section        0  bsp_ili9341_lcd.o(i.ILI9341_Write_Data)
    i.KeyTrace                               0x08001608   Section        0  sd_file.o(i.KeyTrace)
    i.Key_GPIO_Config                        0x0800164c   Section        0  bsp_key.o(i.Key_GPIO_Config)
    i.Key_Scan                               0x0800168c   Section        0  bsp_key.o(i.Key_Scan)
    i.LCD_GetFont                            0x080016b0   Section        0  bsp_ili9341_lcd.o(i.LCD_GetFont)
    i.LCD_SetBackColor                       0x080016bc   Section        0  bsp_ili9341_lcd.o(i.LCD_SetBackColor)
    i.LCD_SetColors                          0x080016c8   Section        0  bsp_ili9341_lcd.o(i.LCD_SetColors)
    i.LCD_SetFont                            0x080016d4   Section        0  bsp_ili9341_lcd.o(i.LCD_SetFont)
    i.LCD_SetTextColor                       0x080016e0   Section        0  bsp_ili9341_lcd.o(i.LCD_SetTextColor)
    i.LED_GPIO_Config                        0x080016ec   Section        0  bsp_led.o(i.LED_GPIO_Config)
    i.Last_Slash                             0x08001740   Section        0  sd_file.o(i.Last_Slash)
    Last_Slash                               0x08001741   Thumb Code    36  sd_file.o(i.Last_Slash)
    i.MemManage_Handler                      0x08001764   Section        0  stm32f10x_it.o(i.MemManage_Handler)
    i.NMI_Handler                            0x08001766   Section        0  stm32f10x_it.o(i.NMI_Handler)
    i.NVIC_Init                              0x08001768   Section        0  misc.o(i.NVIC_Init)
    i.NVIC_PriorityGroupConfig               0x080017cc   Section        0  misc.o(i.NVIC_PriorityGroupConfig)
    i.Open_File                              0x080017e0   Section        0  sd_file.o(i.Open_File)
    Open_File                                0x080017e1   Thumb Code   288  sd_file.o(i.Open_File)
    i.PendSV_Handler                         0x0800192c   Section        0  stm32f10x_it.o(i.PendSV_Handler)
    i.RCC_AHBPeriphClockCmd                  0x08001930   Section        0  stm32f10x_rcc.o(i.RCC_AHBPeriphClockCmd)
    i.RCC_APB2PeriphClockCmd                 0x08001948   Section        0  stm32f10x_rcc.o(i.RCC_APB2PeriphClockCmd)
    i.RCC_GetClocksFreq                      0x08001960   Section        0  stm32f10x_rcc.o(i.RCC_GetClocksFreq)
    i.SD_GetCIDRegister                      0x080019f4   Section        0  bsp_spi_sdcard.o(i.SD_GetCIDRegister)
    i.SD_GetCSDRegister                      0x08001afc   Section        0  bsp_spi_sdcard.o(i.SD_GetCSDRegister)
    i.SD_GetCardInfo                         0x08001cd0   Section        0  bsp_spi_sdcard.o(i.SD_GetCardInfo)
    i.SD_GetCardType                         0x08001d4c   Section        0  bsp_spi_sdcard.o(i.SD_GetCardType)
    i.SD_GetDataResponse                     0x08001ea8   Section        0  bsp_spi_sdcard.o(i.SD_GetDataResponse)
    i.SD_GetResponse                         0x08001eda   Section        0  bsp_spi_sdcard.o(i.SD_GetResponse)
    i.SD_GoIdleState                         0x08001f00   Section        0  bsp_spi_sdcard.o(i.SD_GoIdleState)
    i.SD_Init                                0x08001f3c   Section        0  bsp_spi_sdcard.o(i.SD_Init)
    i.SD_ReadByte                            0x08001f8c   Section        0  bsp_spi_sdcard.o(i.SD_ReadByte)
    i.SD_ReadMultiBlocks                     0x08001fc0   Section        0  bsp_spi_sdcard.o(i.SD_ReadMultiBlocks)
    i.SD_SendCmd                             0x0800205c   Section        0  bsp_spi_sdcard.o(i.SD_SendCmd)
    i.SD_WriteByte                           0x08002094   Section        0  bsp_spi_sdcard.o(i.SD_WriteByte)
    i.SD_WriteMultiBlocks                    0x080020c8   Section        0  bsp_spi_sdcard.o(i.SD_WriteMultiBlocks)
    i.SPI_Cmd                                0x08002170   Section        0  stm32f10x_spi.o(i.SPI_Cmd)
    i.SPI_FLASH_BufferRead                   0x08002184   Section        0  bsp_spi_flash.o(i.SPI_FLASH_BufferRead)
    i.SPI_FLASH_BufferWrite                  0x080021d8   Section        0  bsp_spi_flash.o(i.SPI_FLASH_BufferWrite)
    i.SPI_FLASH_Init                         0x08002290   Section        0  bsp_spi_flash.o(i.SPI_FLASH_Init)
    i.SPI_FLASH_PageWrite                    0x08002348   Section        0  bsp_spi_flash.o(i.SPI_FLASH_PageWrite)
    i.SPI_FLASH_SectorErase                  0x080023e4   Section        0  bsp_spi_flash.o(i.SPI_FLASH_SectorErase)
    i.SPI_FLASH_SendByte                     0x0800242c   Section        0  bsp_spi_flash.o(i.SPI_FLASH_SendByte)
    i.SPI_FLASH_WaitForWriteEnd              0x08002490   Section        0  bsp_spi_flash.o(i.SPI_FLASH_WaitForWriteEnd)
    i.SPI_FLASH_WriteEnable                  0x080024bc   Section        0  bsp_spi_flash.o(i.SPI_FLASH_WriteEnable)
    i.SPI_I2S_GetFlagStatus                  0x080024e0   Section        0  stm32f10x_spi.o(i.SPI_I2S_GetFlagStatus)
    i.SPI_I2S_ReceiveData                    0x080024ee   Section        0  stm32f10x_spi.o(i.SPI_I2S_ReceiveData)
    i.SPI_I2S_SendData                       0x080024f2   Section        0  stm32f10x_spi.o(i.SPI_I2S_SendData)
    i.SPI_Init                               0x080024f6   Section        0  stm32f10x_spi.o(i.SPI_Init)
    i.SPI_TIMEOUT_UserCallback               0x08002530   Section        0  bsp_spi_flash.o(i.SPI_TIMEOUT_UserCallback)
    SPI_TIMEOUT_UserCallback                 0x08002531   Thumb Code    14  bsp_spi_flash.o(i.SPI_TIMEOUT_UserCallback)
    i.SVC_Handler                            0x08002570   Section        0  stm32f10x_it.o(i.SVC_Handler)
    i.SetSysClockTo72                        0x08002574   Section        0  system_stm32f10x.o(i.SetSysClockTo72)
    SetSysClockTo72                          0x08002575   Thumb Code   160  system_stm32f10x.o(i.SetSysClockTo72)
    i.SysTick_Handler                        0x0800261c   Section        0  stm32f10x_it.o(i.SysTick_Handler)
    i.SystemInit                             0x08002620   Section        0  system_stm32f10x.o(i.SystemInit)
    i.Touch_Button_Down                      0x08002670   Section        0  sd_file.o(i.Touch_Button_Down)
    i.Touch_Button_Init                      0x080026f0   Section        0  sd_file.o(i.Touch_Button_Init)
    i.Touch_Button_Up                        0x0800289c   Section        0  sd_file.o(i.Touch_Button_Up)
    i.USART1_IRQHandler                      0x08002924   Section        0  stm32f10x_it.o(i.USART1_IRQHandler)
    i.USART_ClearFlag                        0x08002970   Section        0  stm32f10x_usart.o(i.USART_ClearFlag)
    i.USART_Cmd                              0x08002976   Section        0  stm32f10x_usart.o(i.USART_Cmd)
    i.USART_Config                           0x0800298c   Section        0  bsp_usart_dma.o(i.USART_Config)
    i.USART_DMACmd                           0x08002a3c   Section        0  stm32f10x_usart.o(i.USART_DMACmd)
    i.USART_GetFlagStatus                    0x08002a4c   Section        0  stm32f10x_usart.o(i.USART_GetFlagStatus)
    i.USART_GetITStatus                      0x08002a5a   Section        0  stm32f10x_usart.o(i.USART_GetITStatus)
    i.USART_ITConfig                         0x08002a98   Section        0  stm32f10x_usart.o(i.USART_ITConfig)
    i.USART_Init                             0x08002ac8   Section        0  stm32f10x_usart.o(i.USART_Init)
    i.USART_ReceiveData                      0x08002b74   Section        0  stm32f10x_usart.o(i.USART_ReceiveData)
    i.USART_SendData                         0x08002b7c   Section        0  stm32f10x_usart.o(i.USART_SendData)
    i.USARTx_DMA_Config                      0x08002b84   Section        0  bsp_usart_dma.o(i.USARTx_DMA_Config)
    i.USARTx_ReceiveFile                     0x08002bfc   Section        0  sd_file.o(i.USARTx_ReceiveFile)
    i.USARTx_SendFile                        0x08002d3c   Section        0  sd_file.o(i.USARTx_SendFile)
    i.UsageFault_Handler                     0x08002e14   Section        0  stm32f10x_it.o(i.UsageFault_Handler)
    i.Usart_DMA_TX_Wait                      0x08002e18   Section        0  bsp_usart_dma.o(i.Usart_DMA_TX_Wait)
    i.XPT2046_Calculate_CalibrationFactor    0x08002e7c   Section        0  bsp_xpt2046_lcd.o(i.XPT2046_Calculate_CalibrationFactor)
    XPT2046_Calculate_CalibrationFactor      0x08002e7d   Thumb Code   402  bsp_xpt2046_lcd.o(i.XPT2046_Calculate_CalibrationFactor)
    i.XPT2046_DelayUS                        0x0800300e   Section        0  bsp_xpt2046_lcd.o(i.XPT2046_DelayUS)
    XPT2046_DelayUS                          0x0800300f   Thumb Code    24  bsp_xpt2046_lcd.o(i.XPT2046_DelayUS)
    i.XPT2046_Get_TouchedPoint               0x08003028   Section        0  bsp_xpt2046_lcd.o(i.XPT2046_Get_TouchedPoint)
    i.XPT2046_Init                           0x080030c0   Section        0  bsp_xpt2046_lcd.o(i.XPT2046_Init)
    i.XPT2046_ReadAdc                        0x0800314c   Section        0  bsp_xpt2046_lcd.o(i.XPT2046_ReadAdc)
    XPT2046_ReadAdc                          0x0800314d   Thumb Code   172  bsp_xpt2046_lcd.o(i.XPT2046_ReadAdc)
    i.XPT2046_ReadAdc_Smooth_XY              0x080031fc   Section        0  bsp_xpt2046_lcd.o(i.XPT2046_ReadAdc_Smooth_XY)
    XPT2046_ReadAdc_Smooth_XY                0x080031fd   Thumb Code   318  bsp_xpt2046_lcd.o(i.XPT2046_ReadAdc_Smooth_XY)
    i.XPT2046_TouchDetect                    0x08003344   Section        0  bsp_xpt2046_lcd.o(i.XPT2046_TouchDetect)
    i.XPT2046_TouchDown                      0x080033b0   Section        0  bsp_xpt2046_lcd.o(i.XPT2046_TouchDown)
    i.XPT2046_TouchEvenHandler               0x080033c4   Section        0  bsp_xpt2046_lcd.o(i.XPT2046_TouchEvenHandler)
    i.XPT2046_TouchUp                        0x08003400   Section        0  bsp_xpt2046_lcd.o(i.XPT2046_TouchUp)
    i.XPT2046_Touch_Calibrate                0x08003414   Section        0  bsp_xpt2046_lcd.o(i.XPT2046_Touch_Calibrate)
    i.__0printf$6                            0x08003780   Section        0  printf6.o(i.__0printf$6)
    i.__0sprintf$6                           0x080037a0   Section        0  printf6.o(i.__0sprintf$6)
    i.__scatterload_copy                     0x080037c8   Section       14  handlers.o(i.__scatterload_copy)
    i.__scatterload_null                     0x080037d6   Section        2  handlers.o(i.__scatterload_null)
    i.__scatterload_zeroinit                 0x080037d8   Section       14  handlers.o(i.__scatterload_zeroinit)
    i._printf_core                           0x080037e8   Section        0  printf6.o(i._printf_core)
    _printf_core                             0x080037e9   Thumb Code   748  printf6.o(i._printf_core)
    i._printf_post_padding                   0x08003ad8   Section        0  printf6.o(i._printf_post_padding)
    _printf_post_padding                     0x08003ad9   Thumb Code    36  printf6.o(i._printf_post_padding)
    i._printf_pre_padding                    0x08003afc   Section        0  printf6.o(i._printf_pre_padding)
    _printf_pre_padding                      0x08003afd   Thumb Code    46  printf6.o(i._printf_pre_padding)
    i._sputc                                 0x08003b2a   Section        0  printf6.o(i._sputc)
    _sputc                                   0x08003b2b   Thumb Code    10  printf6.o(i._sputc)
    i.check_fs                               0x08003b34   Section        0  ff.o(i.check_fs)
    check_fs                                 0x08003b35   Thumb Code    86  ff.o(i.check_fs)
    i.chk_chr                                0x08003b90   Section        0  ff.o(i.chk_chr)
    chk_chr                                  0x08003b91   Thumb Code    16  ff.o(i.chk_chr)
    i.clust2sect                             0x08003ba0   Section        0  ff.o(i.clust2sect)
    i.cmp_lfn                                0x08003bb8   Section        0  ff.o(i.cmp_lfn)
    cmp_lfn                                  0x08003bb9   Thumb Code   120  ff.o(i.cmp_lfn)
    i.create_chain                           0x08003c34   Section        0  ff.o(i.create_chain)
    create_chain                             0x08003c35   Thumb Code   158  ff.o(i.create_chain)
    i.create_name                            0x08003cd4   Section        0  ff.o(i.create_name)
    create_name                              0x08003cd5   Thumb Code   514  ff.o(i.create_name)
    i.dir_find                               0x08003eec   Section        0  ff.o(i.dir_find)
    dir_find                                 0x08003eed   Thumb Code   196  ff.o(i.dir_find)
    i.dir_next                               0x08003fb0   Section        0  ff.o(i.dir_next)
    dir_next                                 0x08003fb1   Thumb Code   250  ff.o(i.dir_next)
    i.dir_read                               0x080040ac   Section        0  ff.o(i.dir_read)
    dir_read                                 0x080040ad   Thumb Code   258  ff.o(i.dir_read)
    i.dir_register                           0x080041b4   Section        0  ff.o(i.dir_register)
    dir_register                             0x080041b5   Thumb Code   406  ff.o(i.dir_register)
    i.dir_sdi                                0x08004350   Section        0  ff.o(i.dir_sdi)
    dir_sdi                                  0x08004351   Thumb Code   142  ff.o(i.dir_sdi)
    i.disk_initialize                        0x080043de   Section        0  diskio.o(i.disk_initialize)
    i.disk_ioctl                             0x080043f0   Section        0  diskio.o(i.disk_ioctl)
    i.disk_read                              0x0800442c   Section        0  diskio.o(i.disk_read)
    i.disk_status                            0x0800444a   Section        0  diskio.o(i.disk_status)
    i.disk_write                             0x08004456   Section        0  diskio.o(i.disk_write)
    i.f_close                                0x0800447e   Section        0  ff.o(i.f_close)
    i.f_closedir                             0x0800449a   Section        0  ff.o(i.f_closedir)
    i.f_lseek                                0x080044ac   Section        0  ff.o(i.f_lseek)
    i.f_mkfs                                 0x080045f4   Section        0  ff.o(i.f_mkfs)
    i.f_mount                                0x08004b64   Section        0  ff.o(i.f_mount)
    i.f_open                                 0x08004bb0   Section        0  ff.o(i.f_open)
    i.f_opendir                              0x08004cf8   Section        0  ff.o(i.f_opendir)
    i.f_read                                 0x08004d60   Section        0  ff.o(i.f_read)
    i.f_readdir                              0x08004ebe   Section        0  ff.o(i.f_readdir)
    i.f_sync                                 0x08004f18   Section        0  ff.o(i.f_sync)
    i.f_write                                0x08004fb0   Section        0  ff.o(i.f_write)
    i.ff_convert                             0x08005144   Section        0  cc936.o(i.ff_convert)
    i.ff_wtoupper                            0x08005190   Section        0  cc936.o(i.ff_wtoupper)
    i.find_sd_file                           0x080051e0   Section        0  sd_file.o(i.find_sd_file)
    i.find_volume                            0x080052bc   Section        0  ff.o(i.find_volume)
    find_volume                              0x080052bd   Thumb Code   596  ff.o(i.find_volume)
    i.follow_path                            0x0800551c   Section        0  ff.o(i.follow_path)
    follow_path                              0x0800551d   Thumb Code   102  ff.o(i.follow_path)
    i.fputc                                  0x08005584   Section        0  bsp_usart_dma.o(i.fputc)
    i.gen_numname                            0x080055a8   Section        0  ff.o(i.gen_numname)
    gen_numname                              0x080055a9   Thumb Code   134  ff.o(i.gen_numname)
    i.get_fat                                0x08005634   Section        0  ff.o(i.get_fat)
    i.get_fattime                            0x0800571c   Section        0  diskio.o(i.get_fattime)
    i.get_fileinfo                           0x08005724   Section        0  ff.o(i.get_fileinfo)
    get_fileinfo                             0x08005725   Thumb Code   194  ff.o(i.get_fileinfo)
    i.get_ldnumber                           0x080057e6   Section        0  ff.o(i.get_ldnumber)
    get_ldnumber                             0x080057e7   Thumb Code    60  ff.o(i.get_ldnumber)
    i.ld_clust                               0x08005822   Section        0  ff.o(i.ld_clust)
    ld_clust                                 0x08005823   Thumb Code    18  ff.o(i.ld_clust)
    i.main                                   0x08005834   Section        0  main.o(i.main)
    i.mem_cpy                                0x08005904   Section        0  ff.o(i.mem_cpy)
    mem_cpy                                  0x08005905   Thumb Code    16  ff.o(i.mem_cpy)
    i.mem_set                                0x08005914   Section        0  ff.o(i.mem_set)
    mem_set                                  0x08005915   Thumb Code    14  ff.o(i.mem_set)
    i.move_window                            0x08005922   Section        0  ff.o(i.move_window)
    move_window                              0x08005923   Thumb Code    50  ff.o(i.move_window)
    i.put_fat                                0x08005954   Section        0  ff.o(i.put_fat)
    i.remove_chain                           0x08005a74   Section        0  ff.o(i.remove_chain)
    remove_chain                             0x08005a75   Thumb Code    98  ff.o(i.remove_chain)
    i.st_clust                               0x08005ad6   Section        0  ff.o(i.st_clust)
    st_clust                                 0x08005ad7   Thumb Code    16  ff.o(i.st_clust)
    i.sum_sfn                                0x08005ae6   Section        0  ff.o(i.sum_sfn)
    sum_sfn                                  0x08005ae7   Thumb Code    26  ff.o(i.sum_sfn)
    i.sync_fs                                0x08005b00   Section        0  ff.o(i.sync_fs)
    sync_fs                                  0x08005b01   Thumb Code   176  ff.o(i.sync_fs)
    i.sync_window                            0x08005bb0   Section        0  ff.o(i.sync_window)
    sync_window                              0x08005bb1   Thumb Code    82  ff.o(i.sync_window)
    i.validate                               0x08005c02   Section        0  ff.o(i.validate)
    validate                                 0x08005c03   Thumb Code    34  ff.o(i.validate)
    .constdata                               0x08005c24   Section     1520  fonts.o(.constdata)
    .constdata                               0x08006214   Section    176320  cc936.o(.constdata)
    uni2oem                                  0x08006214   Data       87172  cc936.o(.constdata)
    oem2uni                                  0x0801b698   Data       87172  cc936.o(.constdata)
    lower                                    0x08030b1c   Data         988  cc936.o(.constdata)
    upper                                    0x08030ef8   Data         988  cc936.o(.constdata)
    .constdata                               0x080312d4   Section       58  ff.o(.constdata)
    LfnOfs                                   0x080312d4   Data          13  ff.o(.constdata)
    vst                                      0x080312e2   Data          22  ff.o(.constdata)
    cst                                      0x080312f8   Data          22  ff.o(.constdata)
    .data                                    0x20000000   Section       20  stm32f10x_rcc.o(.data)
    ADCPrescTable                            0x20000000   Data           4  stm32f10x_rcc.o(.data)
    APBAHBPrescTable                         0x20000004   Data          16  stm32f10x_rcc.o(.data)
    .data                                    0x20000014   Section        4  main.o(.data)
    .data                                    0x20000018   Section       16  bsp_ili9341_lcd.o(.data)
    CurrentTextColor                         0x2000001e   Data           2  bsp_ili9341_lcd.o(.data)
    CurrentBackColor                         0x20000020   Data           2  bsp_ili9341_lcd.o(.data)
    LCD_Currentfonts                         0x20000024   Data           4  bsp_ili9341_lcd.o(.data)
    .data                                    0x20000028   Section        8  fonts.o(.data)
    .data                                    0x20000030   Section        1  fonts.o(.data)
    everRead                                 0x20000030   Data           1  fonts.o(.data)
    .data                                    0x20000034   Section        4  bsp_spi_flash.o(.data)
    SPITimeout                               0x20000034   Data           4  bsp_spi_flash.o(.data)
    .data                                    0x20000038   Section        1  bsp_spi_sdcard.o(.data)
    .data                                    0x2000003c   Section      208  bsp_xpt2046_lcd.o(.data)
    touch_state                              0x2000003d   Data           1  bsp_xpt2046_lcd.o(.data)
    i                                        0x20000040   Data           4  bsp_xpt2046_lcd.o(.data)
    cinfo                                    0x20000044   Data           8  bsp_xpt2046_lcd.o(.data)
    .data                                    0x2000010c   Section       12  ff.o(.data)
    Fsid                                     0x2000010c   Data           2  ff.o(.data)
    FatFs                                    0x20000110   Data           8  ff.o(.data)
    .data                                    0x20000118   Section       24  sd_file.o(.data)
    .data                                    0x20000130   Section        4  stdout.o(.data)
    .bss                                     0x20000134   Section     4144  main.o(.bss)
    .bss                                     0x20001164   Section      512  bsp_usart_dma.o(.bss)
    .bss                                     0x20001368   Section       88  bsp_spi_sdcard.o(.bss)
    .bss                                     0x200013c0   Section    37246  sd_file.o(.bss)
    STACK                                    0x2000a540   Section     1024  startup_stm32f10x_hd.o(STACK)

    Global Symbols

    Symbol Name                              Value     Ov Type        Size  Object(Section)

    BuildAttributes$$THM_ISAv4$P$D$K$B$S$PE$A:L22UL41UL21$X:L11$S22US41US21$IEEE1$IW$USESV6$~STKCKD$USESV7$~SHL$OTIME$ROPI$EBA8$MICROLIB$REQ8$PRES8$EABIv2 0x00000000   Number         0  anon$$obj.o ABSOLUTE
    __ARM_use_no_argv                        0x00000000   Number         0  main.o ABSOLUTE
    _printf_a                                0x00000000   Number         0  stubs.o ABSOLUTE
    _printf_c                                0x00000000   Number         0  stubs.o ABSOLUTE
    _printf_charcount                        0x00000000   Number         0  stubs.o ABSOLUTE
    _printf_d                                0x00000000   Number         0  stubs.o ABSOLUTE
    _printf_e                                0x00000000   Number         0  stubs.o ABSOLUTE
    _printf_f                                0x00000000   Number         0  stubs.o ABSOLUTE
    _printf_flags                            0x00000000   Number         0  stubs.o ABSOLUTE
    _printf_fp_dec                           0x00000000   Number         0  stubs.o ABSOLUTE
    _printf_fp_hex                           0x00000000   Number         0  stubs.o ABSOLUTE
    _printf_g                                0x00000000   Number         0  stubs.o ABSOLUTE
    _printf_i                                0x00000000   Number         0  stubs.o ABSOLUTE
    _printf_int_dec                          0x00000000   Number         0  stubs.o ABSOLUTE
    _printf_l                                0x00000000   Number         0  stubs.o ABSOLUTE
    _printf_lc                               0x00000000   Number         0  stubs.o ABSOLUTE
    _printf_ll                               0x00000000   Number         0  stubs.o ABSOLUTE
    _printf_lld                              0x00000000   Number         0  stubs.o ABSOLUTE
    _printf_lli                              0x00000000   Number         0  stubs.o ABSOLUTE
    _printf_llo                              0x00000000   Number         0  stubs.o ABSOLUTE
    _printf_llu                              0x00000000   Number         0  stubs.o ABSOLUTE
    _printf_llx                              0x00000000   Number         0  stubs.o ABSOLUTE
    _printf_longlong_dec                     0x00000000   Number         0  stubs.o ABSOLUTE
    _printf_longlong_hex                     0x00000000   Number         0  stubs.o ABSOLUTE
    _printf_longlong_oct                     0x00000000   Number         0  stubs.o ABSOLUTE
    _printf_ls                               0x00000000   Number         0  stubs.o ABSOLUTE
    _printf_mbtowc                           0x00000000   Number         0  stubs.o ABSOLUTE
    _printf_n                                0x00000000   Number         0  stubs.o ABSOLUTE
    _printf_o                                0x00000000   Number         0  stubs.o ABSOLUTE
    _printf_p                                0x00000000   Number         0  stubs.o ABSOLUTE
    _printf_percent                          0x00000000   Number         0  stubs.o ABSOLUTE
    _printf_pre_padding                      0x00000000   Number         0  stubs.o ABSOLUTE
    _printf_return_value                     0x00000000   Number         0  stubs.o ABSOLUTE
    _printf_s                                0x00000000   Number         0  stubs.o ABSOLUTE
    _printf_sizespec                         0x00000000   Number         0  stubs.o ABSOLUTE
    _printf_str                              0x00000000   Number         0  stubs.o ABSOLUTE
    _printf_truncate_signed                  0x00000000   Number         0  stubs.o ABSOLUTE
    _printf_truncate_unsigned                0x00000000   Number         0  stubs.o ABSOLUTE
    _printf_u                                0x00000000   Number         0  stubs.o ABSOLUTE
    _printf_wc                               0x00000000   Number         0  stubs.o ABSOLUTE
    _printf_wctomb                           0x00000000   Number         0  stubs.o ABSOLUTE
    _printf_widthprec                        0x00000000   Number         0  stubs.o ABSOLUTE
    _printf_x                                0x00000000   Number         0  stubs.o ABSOLUTE
    __cpp_initialize__aeabi_                  - Undefined Weak Reference
    __cxa_finalize                            - Undefined Weak Reference
    _clock_init                               - Undefined Weak Reference
    _microlib_exit                            - Undefined Weak Reference
    __Vectors_Size                           0x00000130   Number         0  startup_stm32f10x_hd.o ABSOLUTE
    __Vectors                                0x08000000   Data           4  startup_stm32f10x_hd.o(RESET)
    __Vectors_End                            0x08000130   Data           0  startup_stm32f10x_hd.o(RESET)
    __main                                   0x08000131   Thumb Code     0  entry.o(.ARM.Collect$$$$00000000)
    _main_stk                                0x08000131   Thumb Code     0  entry2.o(.ARM.Collect$$$$00000001)
    _main_scatterload                        0x08000135   Thumb Code     0  entry5.o(.ARM.Collect$$$$00000004)
    __main_after_scatterload                 0x08000139   Thumb Code     0  entry5.o(.ARM.Collect$$$$00000004)
    _main_clock                              0x08000139   Thumb Code     0  entry7b.o(.ARM.Collect$$$$00000008)
    _main_cpp_init                           0x08000139   Thumb Code     0  entry8b.o(.ARM.Collect$$$$0000000A)
    _main_init                               0x08000139   Thumb Code     0  entry9a.o(.ARM.Collect$$$$0000000B)
    __rt_final_cpp                           0x08000141   Thumb Code     0  entry10a.o(.ARM.Collect$$$$0000000D)
    __rt_final_exit                          0x08000141   Thumb Code     0  entry11a.o(.ARM.Collect$$$$0000000F)
    Reset_Handler                            0x08000145   Thumb Code     8  startup_stm32f10x_hd.o(.text)
    ADC1_2_IRQHandler                        0x0800015f   Thumb Code     0  startup_stm32f10x_hd.o(.text)
    ADC3_IRQHandler                          0x0800015f   Thumb Code     0  startup_stm32f10x_hd.o(.text)
    CAN1_RX1_IRQHandler                      0x0800015f   Thumb Code     0  startup_stm32f10x_hd.o(.text)
    CAN1_SCE_IRQHandler                      0x0800015f   Thumb Code     0  startup_stm32f10x_hd.o(.text)
    DMA1_Channel1_IRQHandler                 0x0800015f   Thumb Code     0  startup_stm32f10x_hd.o(.text)
    DMA1_Channel2_IRQHandler                 0x0800015f   Thumb Code     0  startup_stm32f10x_hd.o(.text)
    DMA1_Channel3_IRQHandler                 0x0800015f   Thumb Code     0  startup_stm32f10x_hd.o(.text)
    DMA1_Channel4_IRQHandler                 0x0800015f   Thumb Code     0  startup_stm32f10x_hd.o(.text)
    DMA1_Channel6_IRQHandler                 0x0800015f   Thumb Code     0  startup_stm32f10x_hd.o(.text)
    DMA1_Channel7_IRQHandler                 0x0800015f   Thumb Code     0  startup_stm32f10x_hd.o(.text)
    DMA2_Channel1_IRQHandler                 0x0800015f   Thumb Code     0  startup_stm32f10x_hd.o(.text)
    DMA2_Channel2_IRQHandler                 0x0800015f   Thumb Code     0  startup_stm32f10x_hd.o(.text)
    DMA2_Channel3_IRQHandler                 0x0800015f   Thumb Code     0  startup_stm32f10x_hd.o(.text)
    DMA2_Channel4_5_IRQHandler               0x0800015f   Thumb Code     0  startup_stm32f10x_hd.o(.text)
    EXTI0_IRQHandler                         0x0800015f   Thumb Code     0  startup_stm32f10x_hd.o(.text)
    EXTI15_10_IRQHandler                     0x0800015f   Thumb Code     0  startup_stm32f10x_hd.o(.text)
    EXTI1_IRQHandler                         0x0800015f   Thumb Code     0  startup_stm32f10x_hd.o(.text)
    EXTI2_IRQHandler                         0x0800015f   Thumb Code     0  startup_stm32f10x_hd.o(.text)
    EXTI3_IRQHandler                         0x0800015f   Thumb Code     0  startup_stm32f10x_hd.o(.text)
    EXTI4_IRQHandler                         0x0800015f   Thumb Code     0  startup_stm32f10x_hd.o(.text)
    EXTI9_5_IRQHandler                       0x0800015f   Thumb Code     0  startup_stm32f10x_hd.o(.text)
    FLASH_IRQHandler                         0x0800015f   Thumb Code     0  startup_stm32f10x_hd.o(.text)
    FSMC_IRQHandler                          0x0800015f   Thumb Code     0  startup_stm32f10x_hd.o(.text)
    I2C1_ER_IRQHandler                       0x0800015f   Thumb Code     0  startup_stm32f10x_hd.o(.text)
    I2C1_EV_IRQHandler                       0x0800015f   Thumb Code     0  startup_stm32f10x_hd.o(.text)
    I2C2_ER_IRQHandler                       0x0800015f   Thumb Code     0  startup_stm32f10x_hd.o(.text)
    I2C2_EV_IRQHandler                       0x0800015f   Thumb Code     0  startup_stm32f10x_hd.o(.text)
    PVD_IRQHandler                           0x0800015f   Thumb Code     0  startup_stm32f10x_hd.o(.text)
    RCC_IRQHandler                           0x0800015f   Thumb Code     0  startup_stm32f10x_hd.o(.text)
    RTCAlarm_IRQHandler                      0x0800015f   Thumb Code     0  startup_stm32f10x_hd.o(.text)
    RTC_IRQHandler                           0x0800015f   Thumb Code     0  startup_stm32f10x_hd.o(.text)
    SDIO_IRQHandler                          0x0800015f   Thumb Code     0  startup_stm32f10x_hd.o(.text)
    SPI1_IRQHandler                          0x0800015f   Thumb Code     0  startup_stm32f10x_hd.o(.text)
    SPI2_IRQHandler                          0x0800015f   Thumb Code     0  startup_stm32f10x_hd.o(.text)
    SPI3_IRQHandler                          0x0800015f   Thumb Code     0  startup_stm32f10x_hd.o(.text)
    TAMPER_IRQHandler                        0x0800015f   Thumb Code     0  startup_stm32f10x_hd.o(.text)
    TIM1_BRK_IRQHandler                      0x0800015f   Thumb Code     0  startup_stm32f10x_hd.o(.text)
    TIM1_CC_IRQHandler                       0x0800015f   Thumb Code     0  startup_stm32f10x_hd.o(.text)
    TIM1_TRG_COM_IRQHandler                  0x0800015f   Thumb Code     0  startup_stm32f10x_hd.o(.text)
    TIM1_UP_IRQHandler                       0x0800015f   Thumb Code     0  startup_stm32f10x_hd.o(.text)
    TIM2_IRQHandler                          0x0800015f   Thumb Code     0  startup_stm32f10x_hd.o(.text)
    TIM3_IRQHandler                          0x0800015f   Thumb Code     0  startup_stm32f10x_hd.o(.text)
    TIM4_IRQHandler                          0x0800015f   Thumb Code     0  startup_stm32f10x_hd.o(.text)
    TIM5_IRQHandler                          0x0800015f   Thumb Code     0  startup_stm32f10x_hd.o(.text)
    TIM6_IRQHandler                          0x0800015f   Thumb Code     0  startup_stm32f10x_hd.o(.text)
    TIM7_IRQHandler                          0x0800015f   Thumb Code     0  startup_stm32f10x_hd.o(.text)
    TIM8_BRK_IRQHandler                      0x0800015f   Thumb Code     0  startup_stm32f10x_hd.o(.text)
    TIM8_CC_IRQHandler                       0x0800015f   Thumb Code     0  startup_stm32f10x_hd.o(.text)
    TIM8_TRG_COM_IRQHandler                  0x0800015f   Thumb Code     0  startup_stm32f10x_hd.o(.text)
    TIM8_UP_IRQHandler                       0x0800015f   Thumb Code     0  startup_stm32f10x_hd.o(.text)
    UART4_IRQHandler                         0x0800015f   Thumb Code     0  startup_stm32f10x_hd.o(.text)
    UART5_IRQHandler                         0x0800015f   Thumb Code     0  startup_stm32f10x_hd.o(.text)
    USART2_IRQHandler                        0x0800015f   Thumb Code     0  startup_stm32f10x_hd.o(.text)
    USART3_IRQHandler                        0x0800015f   Thumb Code     0  startup_stm32f10x_hd.o(.text)
    USBWakeUp_IRQHandler                     0x0800015f   Thumb Code     0  startup_stm32f10x_hd.o(.text)
    USB_HP_CAN1_TX_IRQHandler                0x0800015f   Thumb Code     0  startup_stm32f10x_hd.o(.text)
    USB_LP_CAN1_RX0_IRQHandler               0x0800015f   Thumb Code     0  startup_stm32f10x_hd.o(.text)
    WWDG_IRQHandler                          0x0800015f   Thumb Code     0  startup_stm32f10x_hd.o(.text)
    __aeabi_uldivmod                         0x08000169   Thumb Code    98  uldiv.o(.text)
    __aeabi_memset                           0x080001cb   Thumb Code    14  memseta.o(.text)
    __aeabi_memset4                          0x080001cb   Thumb Code     0  memseta.o(.text)
    __aeabi_memset8                          0x080001cb   Thumb Code     0  memseta.o(.text)
    __aeabi_memclr                           0x080001d9   Thumb Code     4  memseta.o(.text)
    __aeabi_memclr4                          0x080001d9   Thumb Code     0  memseta.o(.text)
    __aeabi_memclr8                          0x080001d9   Thumb Code     0  memseta.o(.text)
    _memset$wrapper                          0x080001dd   Thumb Code    18  memseta.o(.text)
    strcat                                   0x080001ef   Thumb Code    24  strcat.o(.text)
    strncpy                                  0x08000207   Thumb Code    24  strncpy.o(.text)
    strlen                                   0x0800021f   Thumb Code    14  strlen.o(.text)
    strcmp                                   0x0800022d   Thumb Code    28  strcmp.o(.text)
    strcpy                                   0x08000249   Thumb Code    18  strcpy.o(.text)
    __aeabi_fadd                             0x0800025b   Thumb Code   164  fadd.o(.text)
    __aeabi_fsub                             0x080002ff   Thumb Code     6  fadd.o(.text)
    __aeabi_frsub                            0x08000305   Thumb Code     6  fadd.o(.text)
    __aeabi_fmul                             0x0800030b   Thumb Code   100  fmul.o(.text)
    __aeabi_fdiv                             0x0800036f   Thumb Code   124  fdiv.o(.text)
    __aeabi_i2f                              0x080003eb   Thumb Code    18  fflti.o(.text)
    __aeabi_f2iz                             0x080003fd   Thumb Code    50  ffixi.o(.text)
    __aeabi_f2uiz                            0x0800042f   Thumb Code    40  ffixui.o(.text)
    __aeabi_uidiv                            0x08000457   Thumb Code     0  uidiv.o(.text)
    __aeabi_uidivmod                         0x08000457   Thumb Code    44  uidiv.o(.text)
    __aeabi_llsl                             0x08000483   Thumb Code    30  llshl.o(.text)
    _ll_shift_l                              0x08000483   Thumb Code     0  llshl.o(.text)
    __aeabi_llsr                             0x080004a1   Thumb Code    32  llushr.o(.text)
    _ll_ushift_r                             0x080004a1   Thumb Code     0  llushr.o(.text)
    __I$use$fp                               0x080004c1   Thumb Code     0  iusefp.o(.text)
    _float_round                             0x080004c1   Thumb Code    18  fepilogue.o(.text)
    _float_epilogue                          0x080004d3   Thumb Code    92  fepilogue.o(.text)
    __scatterload                            0x08000531   Thumb Code    28  init.o(.text)
    __scatterload_rt2                        0x08000531   Thumb Code     0  init.o(.text)
    __decompress                             0x08000555   Thumb Code     0  __dczerorl2.o(.text)
    __decompress1                            0x08000555   Thumb Code    86  __dczerorl2.o(.text)
    BusFault_Handler                         0x080005ab   Thumb Code     2  stm32f10x_it.o(i.BusFault_Handler)
    Button_Fresh                             0x080005ad   Thumb Code   122  sd_file.o(i.Button_Fresh)
    Calibrate_or_Get_TouchParaWithFlash      0x0800063d   Thumb Code   136  bsp_xpt2046_lcd.o(i.Calibrate_or_Get_TouchParaWithFlash)
    DMA1_Channel5_IRQHandler                 0x080008a9   Thumb Code     2  stm32f10x_it.o(i.DMA1_Channel5_IRQHandler)
    DMA_Cmd                                  0x080008ab   Thumb Code    22  stm32f10x_dma.o(i.DMA_Cmd)
    DMA_Init                                 0x080008c1   Thumb Code    58  stm32f10x_dma.o(i.DMA_Init)
    DMA_SetCurrDataCounter                   0x080008fb   Thumb Code     4  stm32f10x_dma.o(i.DMA_SetCurrDataCounter)
    DebugMon_Handler                         0x080008ff   Thumb Code     2  stm32f10x_it.o(i.DebugMon_Handler)
    File_Name_Init                           0x08000b4d   Thumb Code    28  sd_file.o(i.File_Name_Init)
    GPIO_Init                                0x08000c49   Thumb Code   156  stm32f10x_gpio.o(i.GPIO_Init)
    GPIO_PinRemapConfig                      0x08000ce5   Thumb Code    82  stm32f10x_gpio.o(i.GPIO_PinRemapConfig)
    GPIO_ReadInputDataBit                    0x08000d3d   Thumb Code    14  stm32f10x_gpio.o(i.GPIO_ReadInputDataBit)
    GPIO_ResetBits                           0x08000d4b   Thumb Code     4  stm32f10x_gpio.o(i.GPIO_ResetBits)
    GPIO_SetBits                             0x08000d4f   Thumb Code     4  stm32f10x_gpio.o(i.GPIO_SetBits)
    GetGBKCode_from_EXFlash                  0x08000d55   Thumb Code    68  fonts.o(i.GetGBKCode_from_EXFlash)
    HardFault_Handler                        0x08000d9d   Thumb Code     2  stm32f10x_it.o(i.HardFault_Handler)
    ILI9341_BackLed_Control                  0x08000da1   Thumb Code    20  bsp_ili9341_lcd.o(i.ILI9341_BackLed_Control)
    ILI9341_Clear                            0x08000db9   Thumb Code    26  bsp_ili9341_lcd.o(i.ILI9341_Clear)
    ILI9341_DispChar_CH                      0x08000de9   Thumb Code   102  bsp_ili9341_lcd.o(i.ILI9341_DispChar_CH)
    ILI9341_DispChar_EN                      0x08000e55   Thumb Code   100  bsp_ili9341_lcd.o(i.ILI9341_DispChar_EN)
    ILI9341_DispStringLine_EN                0x08000ebd   Thumb Code    76  bsp_ili9341_lcd.o(i.ILI9341_DispStringLine_EN)
    ILI9341_DispString_EN_CH                 0x08000f0d   Thumb Code   136  bsp_ili9341_lcd.o(i.ILI9341_DispString_EN_CH)
    ILI9341_DispString_EN_CH_Custom          0x08000f99   Thumb Code   160  bsp_ili9341_lcd.o(i.ILI9341_DispString_EN_CH_Custom)
    ILI9341_DrawLine                         0x0800103d   Thumb Code   156  bsp_ili9341_lcd.o(i.ILI9341_DrawLine)
    ILI9341_DrawRectangle                    0x080010d9   Thumb Code    96  bsp_ili9341_lcd.o(i.ILI9341_DrawRectangle)
    ILI9341_GramScan                         0x080011ed   Thumb Code   142  bsp_ili9341_lcd.o(i.ILI9341_GramScan)
    ILI9341_Init                             0x08001281   Thumb Code    28  bsp_ili9341_lcd.o(i.ILI9341_Init)
    ILI9341_OpenWindow                       0x080012a1   Thumb Code    88  bsp_ili9341_lcd.o(i.ILI9341_OpenWindow)
    ILI9341_SetPointPixel                    0x08001599   Thumb Code    34  bsp_ili9341_lcd.o(i.ILI9341_SetPointPixel)
    ILI9341_Write_Cmd                        0x080015c1   Thumb Code    28  bsp_ili9341_lcd.o(i.ILI9341_Write_Cmd)
    ILI9341_Write_Data                       0x080015e5   Thumb Code    28  bsp_ili9341_lcd.o(i.ILI9341_Write_Data)
    KeyTrace                                 0x08001609   Thumb Code    54  sd_file.o(i.KeyTrace)
    Key_GPIO_Config                          0x0800164d   Thumb Code    52  bsp_key.o(i.Key_GPIO_Config)
    Key_Scan                                 0x0800168d   Thumb Code    34  bsp_key.o(i.Key_Scan)
    LCD_GetFont                              0x080016b1   Thumb Code     6  bsp_ili9341_lcd.o(i.LCD_GetFont)
    LCD_SetBackColor                         0x080016bd   Thumb Code     6  bsp_ili9341_lcd.o(i.LCD_SetBackColor)
    LCD_SetColors                            0x080016c9   Thumb Code     8  bsp_ili9341_lcd.o(i.LCD_SetColors)
    LCD_SetFont                              0x080016d5   Thumb Code     6  bsp_ili9341_lcd.o(i.LCD_SetFont)
    LCD_SetTextColor                         0x080016e1   Thumb Code     6  bsp_ili9341_lcd.o(i.LCD_SetTextColor)
    LED_GPIO_Config                          0x080016ed   Thumb Code    78  bsp_led.o(i.LED_GPIO_Config)
    MemManage_Handler                        0x08001765   Thumb Code     2  stm32f10x_it.o(i.MemManage_Handler)
    NMI_Handler                              0x08001767   Thumb Code     2  stm32f10x_it.o(i.NMI_Handler)
    NVIC_Init                                0x08001769   Thumb Code    94  misc.o(i.NVIC_Init)
    NVIC_PriorityGroupConfig                 0x080017cd   Thumb Code    10  misc.o(i.NVIC_PriorityGroupConfig)
    PendSV_Handler                           0x0800192d   Thumb Code     2  stm32f10x_it.o(i.PendSV_Handler)
    RCC_AHBPeriphClockCmd                    0x08001931   Thumb Code    18  stm32f10x_rcc.o(i.RCC_AHBPeriphClockCmd)
    RCC_APB2PeriphClockCmd                   0x08001949   Thumb Code    18  stm32f10x_rcc.o(i.RCC_APB2PeriphClockCmd)
    RCC_GetClocksFreq                        0x08001961   Thumb Code   132  stm32f10x_rcc.o(i.RCC_GetClocksFreq)
    SD_GetCIDRegister                        0x080019f5   Thumb Code   260  bsp_spi_sdcard.o(i.SD_GetCIDRegister)
    SD_GetCSDRegister                        0x08001afd   Thumb Code   458  bsp_spi_sdcard.o(i.SD_GetCSDRegister)
    SD_GetCardInfo                           0x08001cd1   Thumb Code   120  bsp_spi_sdcard.o(i.SD_GetCardInfo)
    SD_GetCardType                           0x08001d4d   Thumb Code   340  bsp_spi_sdcard.o(i.SD_GetCardType)
    SD_GetDataResponse                       0x08001ea9   Thumb Code    50  bsp_spi_sdcard.o(i.SD_GetDataResponse)
    SD_GetResponse                           0x08001edb   Thumb Code    36  bsp_spi_sdcard.o(i.SD_GetResponse)
    SD_GoIdleState                           0x08001f01   Thumb Code    56  bsp_spi_sdcard.o(i.SD_GoIdleState)
    SD_Init                                  0x08001f3d   Thumb Code    68  bsp_spi_sdcard.o(i.SD_Init)
    SD_ReadByte                              0x08001f8d   Thumb Code    46  bsp_spi_sdcard.o(i.SD_ReadByte)
    SD_ReadMultiBlocks                       0x08001fc1   Thumb Code   148  bsp_spi_sdcard.o(i.SD_ReadMultiBlocks)
    SD_SendCmd                               0x0800205d   Thumb Code    54  bsp_spi_sdcard.o(i.SD_SendCmd)
    SD_WriteByte                             0x08002095   Thumb Code    48  bsp_spi_sdcard.o(i.SD_WriteByte)
    SD_WriteMultiBlocks                      0x080020c9   Thumb Code   160  bsp_spi_sdcard.o(i.SD_WriteMultiBlocks)
    SPI_Cmd                                  0x08002171   Thumb Code    20  stm32f10x_spi.o(i.SPI_Cmd)
    SPI_FLASH_BufferRead                     0x08002185   Thumb Code    78  bsp_spi_flash.o(i.SPI_FLASH_BufferRead)
    SPI_FLASH_BufferWrite                    0x080021d9   Thumb Code   184  bsp_spi_flash.o(i.SPI_FLASH_BufferWrite)
    SPI_FLASH_Init                           0x08002291   Thumb Code   176  bsp_spi_flash.o(i.SPI_FLASH_Init)
    SPI_FLASH_PageWrite                      0x08002349   Thumb Code    98  bsp_spi_flash.o(i.SPI_FLASH_PageWrite)
    SPI_FLASH_SectorErase                    0x080023e5   Thumb Code    66  bsp_spi_flash.o(i.SPI_FLASH_SectorErase)
    SPI_FLASH_SendByte                       0x0800242d   Thumb Code    90  bsp_spi_flash.o(i.SPI_FLASH_SendByte)
    SPI_FLASH_WaitForWriteEnd                0x08002491   Thumb Code    40  bsp_spi_flash.o(i.SPI_FLASH_WaitForWriteEnd)
    SPI_FLASH_WriteEnable                    0x080024bd   Thumb Code    30  bsp_spi_flash.o(i.SPI_FLASH_WriteEnable)
    SPI_I2S_GetFlagStatus                    0x080024e1   Thumb Code    14  stm32f10x_spi.o(i.SPI_I2S_GetFlagStatus)
    SPI_I2S_ReceiveData                      0x080024ef   Thumb Code     4  stm32f10x_spi.o(i.SPI_I2S_ReceiveData)
    SPI_I2S_SendData                         0x080024f3   Thumb Code     4  stm32f10x_spi.o(i.SPI_I2S_SendData)
    SPI_Init                                 0x080024f7   Thumb Code    56  stm32f10x_spi.o(i.SPI_Init)
    SVC_Handler                              0x08002571   Thumb Code     2  stm32f10x_it.o(i.SVC_Handler)
    SysTick_Handler                          0x0800261d   Thumb Code     2  stm32f10x_it.o(i.SysTick_Handler)
    SystemInit                               0x08002621   Thumb Code    64  system_stm32f10x.o(i.SystemInit)
    Touch_Button_Down                        0x08002671   Thumb Code   118  sd_file.o(i.Touch_Button_Down)
    Touch_Button_Init                        0x080026f1   Thumb Code   370  sd_file.o(i.Touch_Button_Init)
    Touch_Button_Up                          0x0800289d   Thumb Code   128  sd_file.o(i.Touch_Button_Up)
    USART1_IRQHandler                        0x08002925   Thumb Code    68  stm32f10x_it.o(i.USART1_IRQHandler)
    USART_ClearFlag                          0x08002971   Thumb Code     6  stm32f10x_usart.o(i.USART_ClearFlag)
    USART_Cmd                                0x08002977   Thumb Code    20  stm32f10x_usart.o(i.USART_Cmd)
    USART_Config                             0x0800298d   Thumb Code   168  bsp_usart_dma.o(i.USART_Config)
    USART_DMACmd                             0x08002a3d   Thumb Code    16  stm32f10x_usart.o(i.USART_DMACmd)
    USART_GetFlagStatus                      0x08002a4d   Thumb Code    14  stm32f10x_usart.o(i.USART_GetFlagStatus)
    USART_GetITStatus                        0x08002a5b   Thumb Code    62  stm32f10x_usart.o(i.USART_GetITStatus)
    USART_ITConfig                           0x08002a99   Thumb Code    48  stm32f10x_usart.o(i.USART_ITConfig)
    USART_Init                               0x08002ac9   Thumb Code   166  stm32f10x_usart.o(i.USART_Init)
    USART_ReceiveData                        0x08002b75   Thumb Code     8  stm32f10x_usart.o(i.USART_ReceiveData)
    USART_SendData                           0x08002b7d   Thumb Code     8  stm32f10x_usart.o(i.USART_SendData)
    USARTx_DMA_Config                        0x08002b85   Thumb Code   104  bsp_usart_dma.o(i.USARTx_DMA_Config)
    USARTx_ReceiveFile                       0x08002bfd   Thumb Code   258  sd_file.o(i.USARTx_ReceiveFile)
    USARTx_SendFile                          0x08002d3d   Thumb Code   162  sd_file.o(i.USARTx_SendFile)
    UsageFault_Handler                       0x08002e15   Thumb Code     2  stm32f10x_it.o(i.UsageFault_Handler)
    Usart_DMA_TX_Wait                        0x08002e19   Thumb Code    86  bsp_usart_dma.o(i.Usart_DMA_TX_Wait)
    XPT2046_Get_TouchedPoint                 0x08003029   Thumb Code   148  bsp_xpt2046_lcd.o(i.XPT2046_Get_TouchedPoint)
    XPT2046_Init                             0x080030c1   Thumb Code   134  bsp_xpt2046_lcd.o(i.XPT2046_Init)
    XPT2046_TouchDetect                      0x08003345   Thumb Code    98  bsp_xpt2046_lcd.o(i.XPT2046_TouchDetect)
    XPT2046_TouchDown                        0x080033b1   Thumb Code    18  bsp_xpt2046_lcd.o(i.XPT2046_TouchDown)
    XPT2046_TouchEvenHandler                 0x080033c5   Thumb Code    56  bsp_xpt2046_lcd.o(i.XPT2046_TouchEvenHandler)
    XPT2046_TouchUp                          0x08003401   Thumb Code    18  bsp_xpt2046_lcd.o(i.XPT2046_TouchUp)
    XPT2046_Touch_Calibrate                  0x08003415   Thumb Code   762  bsp_xpt2046_lcd.o(i.XPT2046_Touch_Calibrate)
    __0printf$6                              0x08003781   Thumb Code    22  printf6.o(i.__0printf$6)
    __1printf$6                              0x08003781   Thumb Code     0  printf6.o(i.__0printf$6)
    __2printf                                0x08003781   Thumb Code     0  printf6.o(i.__0printf$6)
    __0sprintf$6                             0x080037a1   Thumb Code    34  printf6.o(i.__0sprintf$6)
    __1sprintf$6                             0x080037a1   Thumb Code     0  printf6.o(i.__0sprintf$6)
    __2sprintf                               0x080037a1   Thumb Code     0  printf6.o(i.__0sprintf$6)
    __scatterload_copy                       0x080037c9   Thumb Code    14  handlers.o(i.__scatterload_copy)
    __scatterload_null                       0x080037d7   Thumb Code     2  handlers.o(i.__scatterload_null)
    __scatterload_zeroinit                   0x080037d9   Thumb Code    14  handlers.o(i.__scatterload_zeroinit)
    clust2sect                               0x08003ba1   Thumb Code    24  ff.o(i.clust2sect)
    disk_initialize                          0x080043df   Thumb Code    18  diskio.o(i.disk_initialize)
    disk_ioctl                               0x080043f1   Thumb Code    56  diskio.o(i.disk_ioctl)
    disk_read                                0x0800442d   Thumb Code    30  diskio.o(i.disk_read)
    disk_status                              0x0800444b   Thumb Code    12  diskio.o(i.disk_status)
    disk_write                               0x08004457   Thumb Code    40  diskio.o(i.disk_write)
    f_close                                  0x0800447f   Thumb Code    28  ff.o(i.f_close)
    f_closedir                               0x0800449b   Thumb Code    18  ff.o(i.f_closedir)
    f_lseek                                  0x080044ad   Thumb Code   326  ff.o(i.f_lseek)
    f_mkfs                                   0x080045f5   Thumb Code  1386  ff.o(i.f_mkfs)
    f_mount                                  0x08004b65   Thumb Code    72  ff.o(i.f_mount)
    f_open                                   0x08004bb1   Thumb Code   328  ff.o(i.f_open)
    f_opendir                                0x08004cf9   Thumb Code   104  ff.o(i.f_opendir)
    f_read                                   0x08004d61   Thumb Code   350  ff.o(i.f_read)
    f_readdir                                0x08004ebf   Thumb Code    90  ff.o(i.f_readdir)
    f_sync                                   0x08004f19   Thumb Code   152  ff.o(i.f_sync)
    f_write                                  0x08004fb1   Thumb Code   404  ff.o(i.f_write)
    ff_convert                               0x08005145   Thumb Code    68  cc936.o(i.ff_convert)
    ff_wtoupper                              0x08005191   Thumb Code    70  cc936.o(i.ff_wtoupper)
    find_sd_file                             0x080051e1   Thumb Code   184  sd_file.o(i.find_sd_file)
    fputc                                    0x08005585   Thumb Code    30  bsp_usart_dma.o(i.fputc)
    get_fat                                  0x08005635   Thumb Code   232  ff.o(i.get_fat)
    get_fattime                              0x0800571d   Thumb Code     4  diskio.o(i.get_fattime)
    main                                     0x08005835   Thumb Code   180  main.o(i.main)
    put_fat                                  0x08005955   Thumb Code   288  ff.o(i.put_fat)
    ASCII8x16_Table                          0x08005c24   Data        1520  fonts.o(.constdata)
    Region$$Table$$Base                      0x08031310   Number         0  anon$$obj.o(Region$$Table)
    Region$$Table$$Limit                     0x08031330   Number         0  anon$$obj.o(Region$$Table)
    res_sd                                   0x20000014   Data           1  main.o(.data)
    path                                     0x20000015   Data           3  main.o(.data)
    LCD_SCAN_MODE                            0x20000018   Data           1  bsp_ili9341_lcd.o(.data)
    LCD_X_LENGTH                             0x2000001a   Data           2  bsp_ili9341_lcd.o(.data)
    LCD_Y_LENGTH                             0x2000001c   Data           2  bsp_ili9341_lcd.o(.data)
    Font8x16                                 0x20000028   Data           8  fonts.o(.data)
    SD_Type                                  0x20000038   Data           1  bsp_spi_sdcard.o(.data)
    ucXPT2046_TouchFlag                      0x2000003c   Data           1  bsp_xpt2046_lcd.o(.data)
    strXPT2046_TouchPara                     0x2000004c   Data         192  bsp_xpt2046_lcd.o(.data)
    write_flag                               0x20000118   Data           1  sd_file.o(.data)
    cur_env                                  0x20000119   Data           1  sd_file.o(.data)
    num_read_page                            0x2000011a   Data           1  sd_file.o(.data)
    file_num_read_page                       0x2000011b   Data           1  sd_file.o(.data)
    res                                      0x2000011c   Data           1  sd_file.o(.data)
    NestDepth                                0x2000011e   Data           2  sd_file.o(.data)
    file_num                                 0x20000120   Data           2  sd_file.o(.data)
    fnumber                                  0x20000124   Data           4  sd_file.o(.data)
    Cur_File                                 0x20000128   Data           8  sd_file.o(.data)
    __stdout                                 0x20000130   Data           4  stdout.o(.data)
    fs                                       0x20000134   Data        4144  main.o(.bss)
    ReceiveBuff                              0x20001164   Data         256  bsp_usart_dma.o(.bss)
    SendBuff                                 0x20001264   Data         256  bsp_usart_dma.o(.bss)
    SDCardInfo                               0x20001368   Data          88  bsp_spi_sdcard.o(.bss)
    File_Receive_Name                        0x200013c0   Data         200  sd_file.o(.bss)
    dir                                      0x20001488   Data          40  sd_file.o(.bss)
    fno                                      0x200014b0   Data          32  sd_file.o(.bss)
    fil                                      0x200014d0   Data        4132  sd_file.o(.bss)
    button                                   0x200024f4   Data       14280  sd_file.o(.bss)
    File_Name                                0x20005cbc   Data       13005  sd_file.o(.bss)
    IS_DIR                                   0x20008f89   Data          51  sd_file.o(.bss)
    CurPath                                  0x20008fbc   Data         256  sd_file.o(.bss)
    file_read_buffer                         0x200090bc   Data        5000  sd_file.o(.bss)
    cur_page_read_buffer                     0x2000a444   Data         250  sd_file.o(.bss)
    __initial_sp                             0x2000a940   Data           0  startup_stm32f10x_hd.o(STACK)



==============================================================================

Memory Map of the image

  Image Entry point : 0x08000131

  Load Region LR_IROM1 (Base: 0x08000000, Size: 0x00031464, Max: 0x00040000, ABSOLUTE, COMPRESSED[0x00031420])

    Execution Region ER_IROM1 (Exec base: 0x08000000, Load base: 0x08000000, Size: 0x00031330, Max: 0x00040000, ABSOLUTE)

    Exec Addr    Load Addr    Size         Type   Attr      Idx    E Section Name        Object

    0x08000000   0x08000000   0x00000130   Data   RO            3    RESET               startup_stm32f10x_hd.o
    0x08000130   0x08000130   0x00000000   Code   RO         4666  * .ARM.Collect$$$$00000000  mc_w.l(entry.o)
    0x08000130   0x08000130   0x00000004   Code   RO         4956    .ARM.Collect$$$$00000001  mc_w.l(entry2.o)
    0x08000134   0x08000134   0x00000004   Code   RO         4959    .ARM.Collect$$$$00000004  mc_w.l(entry5.o)
    0x08000138   0x08000138   0x00000000   Code   RO         4961    .ARM.Collect$$$$00000008  mc_w.l(entry7b.o)
    0x08000138   0x08000138   0x00000000   Code   RO         4963    .ARM.Collect$$$$0000000A  mc_w.l(entry8b.o)
    0x08000138   0x08000138   0x00000008   Code   RO         4964    .ARM.Collect$$$$0000000B  mc_w.l(entry9a.o)
    0x08000140   0x08000140   0x00000000   Code   RO         4966    .ARM.Collect$$$$0000000D  mc_w.l(entry10a.o)
    0x08000140   0x08000140   0x00000000   Code   RO         4968    .ARM.Collect$$$$0000000F  mc_w.l(entry11a.o)
    0x08000140   0x08000140   0x00000004   Code   RO         4957    .ARM.Collect$$$$00002712  mc_w.l(entry2.o)
    0x08000144   0x08000144   0x00000024   Code   RO            4    .text               startup_stm32f10x_hd.o
    0x08000168   0x08000168   0x00000062   Code   RO         4669    .text               mc_w.l(uldiv.o)
    0x080001ca   0x080001ca   0x00000024   Code   RO         4671    .text               mc_w.l(memseta.o)
    0x080001ee   0x080001ee   0x00000018   Code   RO         4673    .text               mc_w.l(strcat.o)
    0x08000206   0x08000206   0x00000018   Code   RO         4675    .text               mc_w.l(strncpy.o)
    0x0800021e   0x0800021e   0x0000000e   Code   RO         4677    .text               mc_w.l(strlen.o)
    0x0800022c   0x0800022c   0x0000001c   Code   RO         4679    .text               mc_w.l(strcmp.o)
    0x08000248   0x08000248   0x00000012   Code   RO         4681    .text               mc_w.l(strcpy.o)
    0x0800025a   0x0800025a   0x000000b0   Code   RO         4944    .text               mf_w.l(fadd.o)
    0x0800030a   0x0800030a   0x00000064   Code   RO         4946    .text               mf_w.l(fmul.o)
    0x0800036e   0x0800036e   0x0000007c   Code   RO         4948    .text               mf_w.l(fdiv.o)
    0x080003ea   0x080003ea   0x00000012   Code   RO         4950    .text               mf_w.l(fflti.o)
    0x080003fc   0x080003fc   0x00000032   Code   RO         4952    .text               mf_w.l(ffixi.o)
    0x0800042e   0x0800042e   0x00000028   Code   RO         4954    .text               mf_w.l(ffixui.o)
    0x08000456   0x08000456   0x0000002c   Code   RO         4971    .text               mc_w.l(uidiv.o)
    0x08000482   0x08000482   0x0000001e   Code   RO         4973    .text               mc_w.l(llshl.o)
    0x080004a0   0x080004a0   0x00000020   Code   RO         4975    .text               mc_w.l(llushr.o)
    0x080004c0   0x080004c0   0x00000000   Code   RO         4977    .text               mc_w.l(iusefp.o)
    0x080004c0   0x080004c0   0x0000006e   Code   RO         4978    .text               mf_w.l(fepilogue.o)
    0x0800052e   0x0800052e   0x00000002   PAD
    0x08000530   0x08000530   0x00000024   Code   RO         4990    .text               mc_w.l(init.o)
    0x08000554   0x08000554   0x00000056   Code   RO         5004    .text               mc_w.l(__dczerorl2.o)
    0x080005aa   0x080005aa   0x00000002   Code   RO         3231    i.BusFault_Handler  stm32f10x_it.o
    0x080005ac   0x080005ac   0x00000090   Code   RO         4426    i.Button_Fresh      sd_file.o
    0x0800063c   0x0800063c   0x0000008c   Code   RO         3887    i.Calibrate_or_Get_TouchParaWithFlash  bsp_xpt2046_lcd.o
    0x080006c8   0x080006c8   0x00000014   Code   RO         4427    i.Command_Select_File  sd_file.o
    0x080006dc   0x080006dc   0x00000040   Code   RO         4428    i.Command_Select_Function  sd_file.o
    0x0800071c   0x0800071c   0x000000c8   Code   RO         4429    i.Command_Select_NextPage  sd_file.o
    0x080007e4   0x080007e4   0x000000c4   Code   RO         4430    i.Command_Select_PrePage  sd_file.o
    0x080008a8   0x080008a8   0x00000002   Code   RO         3232    i.DMA1_Channel5_IRQHandler  stm32f10x_it.o
    0x080008aa   0x080008aa   0x00000016   Code   RO          863    i.DMA_Cmd           stm32f10x_dma.o
    0x080008c0   0x080008c0   0x0000003a   Code   RO          869    i.DMA_Init          stm32f10x_dma.o
    0x080008fa   0x080008fa   0x00000004   Code   RO          870    i.DMA_SetCurrDataCounter  stm32f10x_dma.o
    0x080008fe   0x080008fe   0x00000002   Code   RO         3233    i.DebugMon_Handler  stm32f10x_it.o
    0x08000900   0x08000900   0x00000078   Code   RO         4431    i.Draw_File_Button  sd_file.o
    0x08000978   0x08000978   0x0000009c   Code   RO         4432    i.Draw_Function_Button  sd_file.o
    0x08000a14   0x08000a14   0x0000009c   Code   RO         4433    i.Draw_NextPage_Button  sd_file.o
    0x08000ab0   0x08000ab0   0x0000009c   Code   RO         4434    i.Draw_PrePage_Button  sd_file.o
    0x08000b4c   0x08000b4c   0x00000020   Code   RO         4435    i.File_Name_Init    sd_file.o
    0x08000b6c   0x08000b6c   0x00000024   Code   RO         4436    i.Fuction_Button_Enable  sd_file.o
    0x08000b90   0x08000b90   0x000000b8   Code   RO         3761    i.GPIO_Configuration  bsp_spi_sdcard.o
    0x08000c48   0x08000c48   0x0000009c   Code   RO         1285    i.GPIO_Init         stm32f10x_gpio.o
    0x08000ce4   0x08000ce4   0x00000058   Code   RO         1287    i.GPIO_PinRemapConfig  stm32f10x_gpio.o
    0x08000d3c   0x08000d3c   0x0000000e   Code   RO         1289    i.GPIO_ReadInputDataBit  stm32f10x_gpio.o
    0x08000d4a   0x08000d4a   0x00000004   Code   RO         1292    i.GPIO_ResetBits    stm32f10x_gpio.o
    0x08000d4e   0x08000d4e   0x00000004   Code   RO         1293    i.GPIO_SetBits      stm32f10x_gpio.o
    0x08000d52   0x08000d52   0x00000002   PAD
    0x08000d54   0x08000d54   0x00000048   Code   RO         3557    i.GetGBKCode_from_EXFlash  fonts.o
    0x08000d9c   0x08000d9c   0x00000002   Code   RO         3234    i.HardFault_Handler  stm32f10x_it.o
    0x08000d9e   0x08000d9e   0x00000002   PAD
    0x08000da0   0x08000da0   0x00000018   Code   RO         3314    i.ILI9341_BackLed_Control  bsp_ili9341_lcd.o
    0x08000db8   0x08000db8   0x00000020   Code   RO         3315    i.ILI9341_Clear     bsp_ili9341_lcd.o
    0x08000dd8   0x08000dd8   0x00000010   Code   RO         3316    i.ILI9341_Delay     bsp_ili9341_lcd.o
    0x08000de8   0x08000de8   0x0000006c   Code   RO         3317    i.ILI9341_DispChar_CH  bsp_ili9341_lcd.o
    0x08000e54   0x08000e54   0x00000068   Code   RO         3318    i.ILI9341_DispChar_EN  bsp_ili9341_lcd.o
    0x08000ebc   0x08000ebc   0x00000050   Code   RO         3319    i.ILI9341_DispStringLine_EN  bsp_ili9341_lcd.o
    0x08000f0c   0x08000f0c   0x0000008c   Code   RO         3323    i.ILI9341_DispString_EN_CH  bsp_ili9341_lcd.o
    0x08000f98   0x08000f98   0x000000a4   Code   RO         3324    i.ILI9341_DispString_EN_CH_Custom  bsp_ili9341_lcd.o
    0x0800103c   0x0800103c   0x0000009c   Code   RO         3331    i.ILI9341_DrawLine  bsp_ili9341_lcd.o
    0x080010d8   0x080010d8   0x00000064   Code   RO         3332    i.ILI9341_DrawRectangle  bsp_ili9341_lcd.o
    0x0800113c   0x0800113c   0x0000001e   Code   RO         3333    i.ILI9341_FillColor  bsp_ili9341_lcd.o
    0x0800115a   0x0800115a   0x00000002   PAD
    0x0800115c   0x0800115c   0x00000090   Code   RO         3334    i.ILI9341_GPIO_Config  bsp_ili9341_lcd.o
    0x080011ec   0x080011ec   0x00000094   Code   RO         3336    i.ILI9341_GramScan  bsp_ili9341_lcd.o
    0x08001280   0x08001280   0x00000020   Code   RO         3337    i.ILI9341_Init      bsp_ili9341_lcd.o
    0x080012a0   0x080012a0   0x00000058   Code   RO         3338    i.ILI9341_OpenWindow  bsp_ili9341_lcd.o
    0x080012f8   0x080012f8   0x00000298   Code   RO         3339    i.ILI9341_REG_Config  bsp_ili9341_lcd.o
    0x08001590   0x08001590   0x00000008   Code   RO         3340    i.ILI9341_SetCursor  bsp_ili9341_lcd.o
    0x08001598   0x08001598   0x00000028   Code   RO         3341    i.ILI9341_SetPointPixel  bsp_ili9341_lcd.o
    0x080015c0   0x080015c0   0x00000024   Code   RO         3528    i.ILI9341_Write_Cmd  bsp_ili9341_lcd.o
    0x080015e4   0x080015e4   0x00000024   Code   RO         3534    i.ILI9341_Write_Data  bsp_ili9341_lcd.o
    0x08001608   0x08001608   0x00000044   Code   RO         4437    i.KeyTrace          sd_file.o
    0x0800164c   0x0800164c   0x00000040   Code   RO         3984    i.Key_GPIO_Config   bsp_key.o
    0x0800168c   0x0800168c   0x00000022   Code   RO         3985    i.Key_Scan          bsp_key.o
    0x080016ae   0x080016ae   0x00000002   PAD
    0x080016b0   0x080016b0   0x0000000c   Code   RO         3345    i.LCD_GetFont       bsp_ili9341_lcd.o
    0x080016bc   0x080016bc   0x0000000c   Code   RO         3346    i.LCD_SetBackColor  bsp_ili9341_lcd.o
    0x080016c8   0x080016c8   0x0000000c   Code   RO         3347    i.LCD_SetColors     bsp_ili9341_lcd.o
    0x080016d4   0x080016d4   0x0000000c   Code   RO         3348    i.LCD_SetFont       bsp_ili9341_lcd.o
    0x080016e0   0x080016e0   0x0000000c   Code   RO         3349    i.LCD_SetTextColor  bsp_ili9341_lcd.o
    0x080016ec   0x080016ec   0x00000054   Code   RO         3969    i.LED_GPIO_Config   bsp_led.o
    0x08001740   0x08001740   0x00000024   Code   RO         4438    i.Last_Slash        sd_file.o
    0x08001764   0x08001764   0x00000002   Code   RO         3235    i.MemManage_Handler  stm32f10x_it.o
    0x08001766   0x08001766   0x00000002   Code   RO         3236    i.NMI_Handler       stm32f10x_it.o
    0x08001768   0x08001768   0x00000064   Code   RO          132    i.NVIC_Init         misc.o
    0x080017cc   0x080017cc   0x00000014   Code   RO          133    i.NVIC_PriorityGroupConfig  misc.o
    0x080017e0   0x080017e0   0x0000014c   Code   RO         4439    i.Open_File         sd_file.o
    0x0800192c   0x0800192c   0x00000002   Code   RO         3237    i.PendSV_Handler    stm32f10x_it.o
    0x0800192e   0x0800192e   0x00000002   PAD
    0x08001930   0x08001930   0x00000018   Code   RO         1700    i.RCC_AHBPeriphClockCmd  stm32f10x_rcc.o
    0x08001948   0x08001948   0x00000018   Code   RO         1703    i.RCC_APB2PeriphClockCmd  stm32f10x_rcc.o
    0x08001960   0x08001960   0x00000094   Code   RO         1711    i.RCC_GetClocksFreq  stm32f10x_rcc.o
    0x080019f4   0x080019f4   0x00000108   Code   RO         3764    i.SD_GetCIDRegister  bsp_spi_sdcard.o
    0x08001afc   0x08001afc   0x000001d4   Code   RO         3765    i.SD_GetCSDRegister  bsp_spi_sdcard.o
    0x08001cd0   0x08001cd0   0x0000007c   Code   RO         3766    i.SD_GetCardInfo    bsp_spi_sdcard.o
    0x08001d4c   0x08001d4c   0x0000015c   Code   RO         3767    i.SD_GetCardType    bsp_spi_sdcard.o
    0x08001ea8   0x08001ea8   0x00000032   Code   RO         3768    i.SD_GetDataResponse  bsp_spi_sdcard.o
    0x08001eda   0x08001eda   0x00000024   Code   RO         3769    i.SD_GetResponse    bsp_spi_sdcard.o
    0x08001efe   0x08001efe   0x00000002   PAD
    0x08001f00   0x08001f00   0x0000003c   Code   RO         3771    i.SD_GoIdleState    bsp_spi_sdcard.o
    0x08001f3c   0x08001f3c   0x00000050   Code   RO         3772    i.SD_Init           bsp_spi_sdcard.o
    0x08001f8c   0x08001f8c   0x00000034   Code   RO         3774    i.SD_ReadByte       bsp_spi_sdcard.o
    0x08001fc0   0x08001fc0   0x0000009c   Code   RO         3775    i.SD_ReadMultiBlocks  bsp_spi_sdcard.o
    0x0800205c   0x0800205c   0x00000036   Code   RO         3776    i.SD_SendCmd        bsp_spi_sdcard.o
    0x08002092   0x08002092   0x00000002   PAD
    0x08002094   0x08002094   0x00000034   Code   RO         3778    i.SD_WriteByte      bsp_spi_sdcard.o
    0x080020c8   0x080020c8   0x000000a8   Code   RO         3779    i.SD_WriteMultiBlocks  bsp_spi_sdcard.o
    0x08002170   0x08002170   0x00000014   Code   RO         2179    i.SPI_Cmd           stm32f10x_spi.o
    0x08002184   0x08002184   0x00000054   Code   RO         3584    i.SPI_FLASH_BufferRead  bsp_spi_flash.o
    0x080021d8   0x080021d8   0x000000b8   Code   RO         3585    i.SPI_FLASH_BufferWrite  bsp_spi_flash.o
    0x08002290   0x08002290   0x000000b8   Code   RO         3587    i.SPI_FLASH_Init    bsp_spi_flash.o
    0x08002348   0x08002348   0x0000009c   Code   RO         3588    i.SPI_FLASH_PageWrite  bsp_spi_flash.o
    0x080023e4   0x080023e4   0x00000048   Code   RO         3592    i.SPI_FLASH_SectorErase  bsp_spi_flash.o
    0x0800242c   0x0800242c   0x00000064   Code   RO         3593    i.SPI_FLASH_SendByte  bsp_spi_flash.o
    0x08002490   0x08002490   0x0000002c   Code   RO         3596    i.SPI_FLASH_WaitForWriteEnd  bsp_spi_flash.o
    0x080024bc   0x080024bc   0x00000024   Code   RO         3597    i.SPI_FLASH_WriteEnable  bsp_spi_flash.o
    0x080024e0   0x080024e0   0x0000000e   Code   RO         2187    i.SPI_I2S_GetFlagStatus  stm32f10x_spi.o
    0x080024ee   0x080024ee   0x00000004   Code   RO         2190    i.SPI_I2S_ReceiveData  stm32f10x_spi.o
    0x080024f2   0x080024f2   0x00000004   Code   RO         2191    i.SPI_I2S_SendData  stm32f10x_spi.o
    0x080024f6   0x080024f6   0x00000038   Code   RO         2192    i.SPI_Init          stm32f10x_spi.o
    0x0800252e   0x0800252e   0x00000002   PAD
    0x08002530   0x08002530   0x00000040   Code   RO         3600    i.SPI_TIMEOUT_UserCallback  bsp_spi_flash.o
    0x08002570   0x08002570   0x00000002   Code   RO         3238    i.SVC_Handler       stm32f10x_it.o
    0x08002572   0x08002572   0x00000002   PAD
    0x08002574   0x08002574   0x000000a8   Code   RO           24    i.SetSysClockTo72   system_stm32f10x.o
    0x0800261c   0x0800261c   0x00000002   Code   RO         3239    i.SysTick_Handler   stm32f10x_it.o
    0x0800261e   0x0800261e   0x00000002   PAD
    0x08002620   0x08002620   0x00000050   Code   RO           26    i.SystemInit        system_stm32f10x.o
    0x08002670   0x08002670   0x00000080   Code   RO         4440    i.Touch_Button_Down  sd_file.o
    0x080026f0   0x080026f0   0x000001ac   Code   RO         4441    i.Touch_Button_Init  sd_file.o
    0x0800289c   0x0800289c   0x00000088   Code   RO         4442    i.Touch_Button_Up   sd_file.o
    0x08002924   0x08002924   0x0000004c   Code   RO         3240    i.USART1_IRQHandler  stm32f10x_it.o
    0x08002970   0x08002970   0x00000006   Code   RO         2851    i.USART_ClearFlag   stm32f10x_usart.o
    0x08002976   0x08002976   0x00000014   Code   RO         2855    i.USART_Cmd         stm32f10x_usart.o
    0x0800298a   0x0800298a   0x00000002   PAD
    0x0800298c   0x0800298c   0x000000b0   Code   RO         3692    i.USART_Config      bsp_usart_dma.o
    0x08002a3c   0x08002a3c   0x00000010   Code   RO         2856    i.USART_DMACmd      stm32f10x_usart.o
    0x08002a4c   0x08002a4c   0x0000000e   Code   RO         2858    i.USART_GetFlagStatus  stm32f10x_usart.o
    0x08002a5a   0x08002a5a   0x0000003e   Code   RO         2859    i.USART_GetITStatus  stm32f10x_usart.o
    0x08002a98   0x08002a98   0x00000030   Code   RO         2861    i.USART_ITConfig    stm32f10x_usart.o
    0x08002ac8   0x08002ac8   0x000000ac   Code   RO         2862    i.USART_Init        stm32f10x_usart.o
    0x08002b74   0x08002b74   0x00000008   Code   RO         2869    i.USART_ReceiveData  stm32f10x_usart.o
    0x08002b7c   0x08002b7c   0x00000008   Code   RO         2872    i.USART_SendData    stm32f10x_usart.o
    0x08002b84   0x08002b84   0x00000078   Code   RO         3693    i.USARTx_DMA_Config  bsp_usart_dma.o
    0x08002bfc   0x08002bfc   0x00000140   Code   RO         4443    i.USARTx_ReceiveFile  sd_file.o
    0x08002d3c   0x08002d3c   0x000000d8   Code   RO         4444    i.USARTx_SendFile   sd_file.o
    0x08002e14   0x08002e14   0x00000002   Code   RO         3241    i.UsageFault_Handler  stm32f10x_it.o
    0x08002e16   0x08002e16   0x00000002   PAD
    0x08002e18   0x08002e18   0x00000064   Code   RO         3694    i.Usart_DMA_TX_Wait  bsp_usart_dma.o
    0x08002e7c   0x08002e7c   0x00000192   Code   RO         3888    i.XPT2046_Calculate_CalibrationFactor  bsp_xpt2046_lcd.o
    0x0800300e   0x0800300e   0x00000018   Code   RO         3889    i.XPT2046_DelayUS   bsp_xpt2046_lcd.o
    0x08003026   0x08003026   0x00000002   PAD
    0x08003028   0x08003028   0x00000098   Code   RO         3890    i.XPT2046_Get_TouchedPoint  bsp_xpt2046_lcd.o
    0x080030c0   0x080030c0   0x0000008c   Code   RO         3891    i.XPT2046_Init      bsp_xpt2046_lcd.o
    0x0800314c   0x0800314c   0x000000b0   Code   RO         3892    i.XPT2046_ReadAdc   bsp_xpt2046_lcd.o
    0x080031fc   0x080031fc   0x00000148   Code   RO         3893    i.XPT2046_ReadAdc_Smooth_XY  bsp_xpt2046_lcd.o
    0x08003344   0x08003344   0x0000006c   Code   RO         3894    i.XPT2046_TouchDetect  bsp_xpt2046_lcd.o
    0x080033b0   0x080033b0   0x00000012   Code   RO         3895    i.XPT2046_TouchDown  bsp_xpt2046_lcd.o
    0x080033c2   0x080033c2   0x00000002   PAD
    0x080033c4   0x080033c4   0x0000003c   Code   RO         3896    i.XPT2046_TouchEvenHandler  bsp_xpt2046_lcd.o
    0x08003400   0x08003400   0x00000012   Code   RO         3897    i.XPT2046_TouchUp   bsp_xpt2046_lcd.o
    0x08003412   0x08003412   0x00000002   PAD
    0x08003414   0x08003414   0x0000036c   Code   RO         3898    i.XPT2046_Touch_Calibrate  bsp_xpt2046_lcd.o
    0x08003780   0x08003780   0x00000020   Code   RO         4838    i.__0printf$6       mc_w.l(printf6.o)
    0x080037a0   0x080037a0   0x00000028   Code   RO         4840    i.__0sprintf$6      mc_w.l(printf6.o)
    0x080037c8   0x080037c8   0x0000000e   Code   RO         4998    i.__scatterload_copy  mc_w.l(handlers.o)
    0x080037d6   0x080037d6   0x00000002   Code   RO         4999    i.__scatterload_null  mc_w.l(handlers.o)
    0x080037d8   0x080037d8   0x0000000e   Code   RO         5000    i.__scatterload_zeroinit  mc_w.l(handlers.o)
    0x080037e6   0x080037e6   0x00000002   PAD
    0x080037e8   0x080037e8   0x000002f0   Code   RO         4845    i._printf_core      mc_w.l(printf6.o)
    0x08003ad8   0x08003ad8   0x00000024   Code   RO         4846    i._printf_post_padding  mc_w.l(printf6.o)
    0x08003afc   0x08003afc   0x0000002e   Code   RO         4847    i._printf_pre_padding  mc_w.l(printf6.o)
    0x08003b2a   0x08003b2a   0x0000000a   Code   RO         4849    i._sputc            mc_w.l(printf6.o)
    0x08003b34   0x08003b34   0x0000005c   Code   RO         4089    i.check_fs          ff.o
    0x08003b90   0x08003b90   0x00000010   Code   RO         4090    i.chk_chr           ff.o
    0x08003ba0   0x08003ba0   0x00000018   Code   RO         4091    i.clust2sect        ff.o
    0x08003bb8   0x08003bb8   0x0000007c   Code   RO         4092    i.cmp_lfn           ff.o
    0x08003c34   0x08003c34   0x0000009e   Code   RO         4093    i.create_chain      ff.o
    0x08003cd2   0x08003cd2   0x00000002   PAD
    0x08003cd4   0x08003cd4   0x00000218   Code   RO         4094    i.create_name       ff.o
    0x08003eec   0x08003eec   0x000000c4   Code   RO         4095    i.dir_find          ff.o
    0x08003fb0   0x08003fb0   0x000000fa   Code   RO         4096    i.dir_next          ff.o
    0x080040aa   0x080040aa   0x00000002   PAD
    0x080040ac   0x080040ac   0x00000108   Code   RO         4097    i.dir_read          ff.o
    0x080041b4   0x080041b4   0x0000019c   Code   RO         4098    i.dir_register      ff.o
    0x08004350   0x08004350   0x0000008e   Code   RO         4100    i.dir_sdi           ff.o
    0x080043de   0x080043de   0x00000012   Code   RO         4034    i.disk_initialize   diskio.o
    0x080043f0   0x080043f0   0x0000003c   Code   RO         4035    i.disk_ioctl        diskio.o
    0x0800442c   0x0800442c   0x0000001e   Code   RO         4036    i.disk_read         diskio.o
    0x0800444a   0x0800444a   0x0000000c   Code   RO         4037    i.disk_status       diskio.o
    0x08004456   0x08004456   0x00000028   Code   RO         4038    i.disk_write        diskio.o
    0x0800447e   0x0800447e   0x0000001c   Code   RO         4102    i.f_close           ff.o
    0x0800449a   0x0800449a   0x00000012   Code   RO         4103    i.f_closedir        ff.o
    0x080044ac   0x080044ac   0x00000146   Code   RO         4108    i.f_lseek           ff.o
    0x080045f2   0x080045f2   0x00000002   PAD
    0x080045f4   0x080045f4   0x00000570   Code   RO         4110    i.f_mkfs            ff.o
    0x08004b64   0x08004b64   0x0000004c   Code   RO         4111    i.f_mount           ff.o
    0x08004bb0   0x08004bb0   0x00000148   Code   RO         4112    i.f_open            ff.o
    0x08004cf8   0x08004cf8   0x00000068   Code   RO         4113    i.f_opendir         ff.o
    0x08004d60   0x08004d60   0x0000015e   Code   RO         4117    i.f_read            ff.o
    0x08004ebe   0x08004ebe   0x0000005a   Code   RO         4118    i.f_readdir         ff.o
    0x08004f18   0x08004f18   0x00000098   Code   RO         4121    i.f_sync            ff.o
    0x08004fb0   0x08004fb0   0x00000194   Code   RO         4125    i.f_write           ff.o
    0x08005144   0x08005144   0x0000004c   Code   RO         4005    i.ff_convert        cc936.o
    0x08005190   0x08005190   0x00000050   Code   RO         4006    i.ff_wtoupper       cc936.o
    0x080051e0   0x080051e0   0x000000dc   Code   RO         4445    i.find_sd_file      sd_file.o
    0x080052bc   0x080052bc   0x00000260   Code   RO         4126    i.find_volume       ff.o
    0x0800551c   0x0800551c   0x00000066   Code   RO         4127    i.follow_path       ff.o
    0x08005582   0x08005582   0x00000002   PAD
    0x08005584   0x08005584   0x00000024   Code   RO         3700    i.fputc             bsp_usart_dma.o
    0x080055a8   0x080055a8   0x0000008c   Code   RO         4128    i.gen_numname       ff.o
    0x08005634   0x08005634   0x000000e8   Code   RO         4130    i.get_fat           ff.o
    0x0800571c   0x0800571c   0x00000008   Code   RO         4039    i.get_fattime       diskio.o
    0x08005724   0x08005724   0x000000c2   Code   RO         4131    i.get_fileinfo      ff.o
    0x080057e6   0x080057e6   0x0000003c   Code   RO         4132    i.get_ldnumber      ff.o
    0x08005822   0x08005822   0x00000012   Code   RO         4133    i.ld_clust          ff.o
    0x08005834   0x08005834   0x000000d0   Code   RO         3085    i.main              main.o
    0x08005904   0x08005904   0x00000010   Code   RO         4134    i.mem_cpy           ff.o
    0x08005914   0x08005914   0x0000000e   Code   RO         4135    i.mem_set           ff.o
    0x08005922   0x08005922   0x00000032   Code   RO         4136    i.move_window       ff.o
    0x08005954   0x08005954   0x00000120   Code   RO         4138    i.put_fat           ff.o
    0x08005a74   0x08005a74   0x00000062   Code   RO         4140    i.remove_chain      ff.o
    0x08005ad6   0x08005ad6   0x00000010   Code   RO         4141    i.st_clust          ff.o
    0x08005ae6   0x08005ae6   0x0000001a   Code   RO         4142    i.sum_sfn           ff.o
    0x08005b00   0x08005b00   0x000000b0   Code   RO         4143    i.sync_fs           ff.o
    0x08005bb0   0x08005bb0   0x00000052   Code   RO         4144    i.sync_window       ff.o
    0x08005c02   0x08005c02   0x00000022   Code   RO         4145    i.validate          ff.o
    0x08005c24   0x08005c24   0x000005f0   Data   RO         3558    .constdata          fonts.o
    0x08006214   0x08006214   0x0002b0c0   Data   RO         4007    .constdata          cc936.o
    0x080312d4   0x080312d4   0x0000003a   Data   RO         4146    .constdata          ff.o
    0x0803130e   0x0803130e   0x00000002   PAD
    0x08031310   0x08031310   0x00000020   Data   RO         4996    Region$$Table       anon$$obj.o


    Execution Region RW_IRAM1 (Exec base: 0x20000000, Load base: 0x08031330, Size: 0x0000a940, Max: 0x0000c000, ABSOLUTE, COMPRESSED[0x000000f0])

    Exec Addr    Load Addr    Size         Type   Attr      Idx    E Section Name        Object

    0x20000000   COMPRESSED   0x00000014   Data   RW         1731    .data               stm32f10x_rcc.o
    0x20000014   COMPRESSED   0x00000004   Data   RW         3087    .data               main.o
    0x20000018   COMPRESSED   0x00000010   Data   RW         3351    .data               bsp_ili9341_lcd.o
    0x20000028   COMPRESSED   0x00000008   Data   RW         3561    .data               fonts.o
    0x20000030   COMPRESSED   0x00000001   Data   RW         3564    .data               fonts.o
    0x20000031   COMPRESSED   0x00000003   PAD
    0x20000034   COMPRESSED   0x00000004   Data   RW         3601    .data               bsp_spi_flash.o
    0x20000038   COMPRESSED   0x00000001   Data   RW         3781    .data               bsp_spi_sdcard.o
    0x20000039   COMPRESSED   0x00000003   PAD
    0x2000003c   COMPRESSED   0x000000d0   Data   RW         3899    .data               bsp_xpt2046_lcd.o
    0x2000010c   COMPRESSED   0x0000000c   Data   RW         4147    .data               ff.o
    0x20000118   COMPRESSED   0x00000018   Data   RW         4448    .data               sd_file.o
    0x20000130   COMPRESSED   0x00000004   Data   RW         4970    .data               mc_w.l(stdout.o)
    0x20000134        -       0x00001030   Zero   RW         3086    .bss                main.o
    0x20001164        -       0x00000200   Zero   RW         3701    .bss                bsp_usart_dma.o
    0x20001364   COMPRESSED   0x00000004   PAD
    0x20001368        -       0x00000058   Zero   RW         3780    .bss                bsp_spi_sdcard.o
    0x200013c0        -       0x0000917e   Zero   RW         4447    .bss                sd_file.o
    0x2000a53e   COMPRESSED   0x00000002   PAD
    0x2000a540        -       0x00000400   Zero   RW            1    STACK               startup_stm32f10x_hd.o


==============================================================================

Image component sizes


      Code (inc. data)   RO Data    RW Data    ZI Data      Debug   Object Name

      2210        120          0         16          0      18225   bsp_ili9341_lcd.o
        98         12          0          0          0       1477   bsp_key.o
        84          6          0          0          0        554   bsp_led.o
       924        148          0          4          0       6673   bsp_spi_flash.o
      2096         78          0          1         88      14925   bsp_spi_sdcard.o
       432         44          0          0        512       3607   bsp_usart_dma.o
      2442        156          0        208          0      13462   bsp_xpt2046_lcd.o
       156         18     176320          0          0       2859   cc936.o
         0          0          0          0          0       4508   core_cm3.o
       168          8          0          0          0       9089   diskio.o
      7636        134         58         12          0      44554   ff.o
        72          4       1520          9          0       2351   fonts.o
       208         28          0          4       4144     235300   main.o
       120         16          0          0          0       1603   misc.o
      3164        434          0         24      37246      20630   sd_file.o
        36          8        304          0       1024        864   startup_stm32f10x_hd.o
        84          0          0          0          0       3422   stm32f10x_dma.o
       266          6          0          0          0       4662   stm32f10x_gpio.o
        96          8          0          0          0       5373   stm32f10x_it.o
       196         28          0         20          0       4597   stm32f10x_rcc.o
        98          0          0          0          0       3966   stm32f10x_spi.o
       354          6          0          0          0       7714   stm32f10x_usart.o
       248         24          0          0          0     246581   system_stm32f10x.o

    ----------------------------------------------------------------------
     21226       1286     178236        304      43020     656996   Object Totals
         0          0         32          0          0          0   (incl. Generated)
        38          0          2          6          6          0   (incl. Padding)

    ----------------------------------------------------------------------

      Code (inc. data)   RO Data    RW Data    ZI Data      Debug   Library Member Name

        86          0          0          0          0          0   __dczerorl2.o
         0          0          0          0          0          0   entry.o
         0          0          0          0          0          0   entry10a.o
         0          0          0          0          0          0   entry11a.o
         8          4          0          0          0          0   entry2.o
         4          0          0          0          0          0   entry5.o
         0          0          0          0          0          0   entry7b.o
         0          0          0          0          0          0   entry8b.o
         8          4          0          0          0          0   entry9a.o
        30          0          0          0          0          0   handlers.o
        36          8          0          0          0         68   init.o
         0          0          0          0          0          0   iusefp.o
        30          0          0          0          0         68   llshl.o
        32          0          0          0          0         68   llushr.o
        36          0          0          0          0        108   memseta.o
       916         20          0          0          0        504   printf6.o
         0          0          0          4          0          0   stdout.o
        24          0          0          0          0         68   strcat.o
        28          0          0          0          0         76   strcmp.o
        18          0          0          0          0         68   strcpy.o
        14          0          0          0          0         68   strlen.o
        24          0          0          0          0         76   strncpy.o
        44          0          0          0          0         80   uidiv.o
        98          0          0          0          0         92   uldiv.o
       176          0          0          0          0        140   fadd.o
       124          0          0          0          0         88   fdiv.o
       110          0          0          0          0        168   fepilogue.o
        50          0          0          0          0         68   ffixi.o
        40          0          0          0          0         68   ffixui.o
        18          0          0          0          0         68   fflti.o
       100          0          0          0          0         76   fmul.o

    ----------------------------------------------------------------------
      2058         36          0          4          0       2020   Library Totals
         4          0          0          0          0          0   (incl. Padding)

    ----------------------------------------------------------------------

      Code (inc. data)   RO Data    RW Data    ZI Data      Debug   Library Name

      1436         36          0          4          0       1344   mc_w.l
       618          0          0          0          0        676   mf_w.l

    ----------------------------------------------------------------------
      2058         36          0          4          0       2020   Library Totals

    ----------------------------------------------------------------------

==============================================================================


      Code (inc. data)   RO Data    RW Data    ZI Data      Debug   

     23284       1322     178236        308      43020     649160   Grand Totals
     23284       1322     178236        240      43020     649160   ELF Image Totals (compressed)
     23284       1322     178236        240          0          0   ROM Totals

==============================================================================

    Total RO  Size (Code + RO Data)               201520 ( 196.80kB)
    Total RW  Size (RW Data + ZI Data)             43328 (  42.31kB)
    Total ROM Size (Code + RO Data + RW Data)     201760 ( 197.03kB)

==============================================================================

